Archive member included to satisfy reference by file (symbol)

C:/ST/STM32CubeIDE_1.19.0/STM32CubeIDE/plugins/com.st.stm32cube.ide.mcu.externaltools.gnu-tools-for-stm32.13.3.rel1.win32_1.0.0.202411081344/tools/bin/../lib/gcc/arm-none-eabi/13.3.1/../../../../arm-none-eabi/lib/thumb/v7-m/nofp\libc_nano.a(libc_a-exit.o)
                              C:/ST/STM32CubeIDE_1.19.0/STM32CubeIDE/plugins/com.st.stm32cube.ide.mcu.externaltools.gnu-tools-for-stm32.13.3.rel1.win32_1.0.0.202411081344/tools/bin/../lib/gcc/arm-none-eabi/13.3.1/../../../../arm-none-eabi/lib/thumb/v7-m/nofp/crt0.o (exit)
C:/ST/STM32CubeIDE_1.19.0/STM32CubeIDE/plugins/com.st.stm32cube.ide.mcu.externaltools.gnu-tools-for-stm32.13.3.rel1.win32_1.0.0.202411081344/tools/bin/../lib/gcc/arm-none-eabi/13.3.1/../../../../arm-none-eabi/lib/thumb/v7-m/nofp\libc_nano.a(libc_a-findfp.o)
                              C:/ST/STM32CubeIDE_1.19.0/STM32CubeIDE/plugins/com.st.stm32cube.ide.mcu.externaltools.gnu-tools-for-stm32.13.3.rel1.win32_1.0.0.202411081344/tools/bin/../lib/gcc/arm-none-eabi/13.3.1/../../../../arm-none-eabi/lib/thumb/v7-m/nofp\libc_nano.a(libc_a-exit.o) (__stdio_exit_handler)
C:/ST/STM32CubeIDE_1.19.0/STM32CubeIDE/plugins/com.st.stm32cube.ide.mcu.externaltools.gnu-tools-for-stm32.13.3.rel1.win32_1.0.0.202411081344/tools/bin/../lib/gcc/arm-none-eabi/13.3.1/../../../../arm-none-eabi/lib/thumb/v7-m/nofp\libc_nano.a(libc_a-fwalk.o)
                              C:/ST/STM32CubeIDE_1.19.0/STM32CubeIDE/plugins/com.st.stm32cube.ide.mcu.externaltools.gnu-tools-for-stm32.13.3.rel1.win32_1.0.0.202411081344/tools/bin/../lib/gcc/arm-none-eabi/13.3.1/../../../../arm-none-eabi/lib/thumb/v7-m/nofp\libc_nano.a(libc_a-findfp.o) (_fwalk_sglue)
C:/ST/STM32CubeIDE_1.19.0/STM32CubeIDE/plugins/com.st.stm32cube.ide.mcu.externaltools.gnu-tools-for-stm32.13.3.rel1.win32_1.0.0.202411081344/tools/bin/../lib/gcc/arm-none-eabi/13.3.1/../../../../arm-none-eabi/lib/thumb/v7-m/nofp\libc_nano.a(libc_a-stdio.o)
                              C:/ST/STM32CubeIDE_1.19.0/STM32CubeIDE/plugins/com.st.stm32cube.ide.mcu.externaltools.gnu-tools-for-stm32.13.3.rel1.win32_1.0.0.202411081344/tools/bin/../lib/gcc/arm-none-eabi/13.3.1/../../../../arm-none-eabi/lib/thumb/v7-m/nofp\libc_nano.a(libc_a-findfp.o) (__sread)
C:/ST/STM32CubeIDE_1.19.0/STM32CubeIDE/plugins/com.st.stm32cube.ide.mcu.externaltools.gnu-tools-for-stm32.13.3.rel1.win32_1.0.0.202411081344/tools/bin/../lib/gcc/arm-none-eabi/13.3.1/../../../../arm-none-eabi/lib/thumb/v7-m/nofp\libc_nano.a(libc_a-memset.o)
                              C:/ST/STM32CubeIDE_1.19.0/STM32CubeIDE/plugins/com.st.stm32cube.ide.mcu.externaltools.gnu-tools-for-stm32.13.3.rel1.win32_1.0.0.202411081344/tools/bin/../lib/gcc/arm-none-eabi/13.3.1/../../../../arm-none-eabi/lib/thumb/v7-m/nofp/crt0.o (memset)
C:/ST/STM32CubeIDE_1.19.0/STM32CubeIDE/plugins/com.st.stm32cube.ide.mcu.externaltools.gnu-tools-for-stm32.13.3.rel1.win32_1.0.0.202411081344/tools/bin/../lib/gcc/arm-none-eabi/13.3.1/../../../../arm-none-eabi/lib/thumb/v7-m/nofp\libc_nano.a(libc_a-closer.o)
                              C:/ST/STM32CubeIDE_1.19.0/STM32CubeIDE/plugins/com.st.stm32cube.ide.mcu.externaltools.gnu-tools-for-stm32.13.3.rel1.win32_1.0.0.202411081344/tools/bin/../lib/gcc/arm-none-eabi/13.3.1/../../../../arm-none-eabi/lib/thumb/v7-m/nofp\libc_nano.a(libc_a-stdio.o) (_close_r)
C:/ST/STM32CubeIDE_1.19.0/STM32CubeIDE/plugins/com.st.stm32cube.ide.mcu.externaltools.gnu-tools-for-stm32.13.3.rel1.win32_1.0.0.202411081344/tools/bin/../lib/gcc/arm-none-eabi/13.3.1/../../../../arm-none-eabi/lib/thumb/v7-m/nofp\libc_nano.a(libc_a-reent.o)
                              C:/ST/STM32CubeIDE_1.19.0/STM32CubeIDE/plugins/com.st.stm32cube.ide.mcu.externaltools.gnu-tools-for-stm32.13.3.rel1.win32_1.0.0.202411081344/tools/bin/../lib/gcc/arm-none-eabi/13.3.1/../../../../arm-none-eabi/lib/thumb/v7-m/nofp\libc_nano.a(libc_a-closer.o) (errno)
C:/ST/STM32CubeIDE_1.19.0/STM32CubeIDE/plugins/com.st.stm32cube.ide.mcu.externaltools.gnu-tools-for-stm32.13.3.rel1.win32_1.0.0.202411081344/tools/bin/../lib/gcc/arm-none-eabi/13.3.1/../../../../arm-none-eabi/lib/thumb/v7-m/nofp\libc_nano.a(libc_a-impure.o)
                              C:/ST/STM32CubeIDE_1.19.0/STM32CubeIDE/plugins/com.st.stm32cube.ide.mcu.externaltools.gnu-tools-for-stm32.13.3.rel1.win32_1.0.0.202411081344/tools/bin/../lib/gcc/arm-none-eabi/13.3.1/../../../../arm-none-eabi/lib/thumb/v7-m/nofp\libc_nano.a(libc_a-reent.o) (_impure_ptr)
C:/ST/STM32CubeIDE_1.19.0/STM32CubeIDE/plugins/com.st.stm32cube.ide.mcu.externaltools.gnu-tools-for-stm32.13.3.rel1.win32_1.0.0.202411081344/tools/bin/../lib/gcc/arm-none-eabi/13.3.1/../../../../arm-none-eabi/lib/thumb/v7-m/nofp\libc_nano.a(libc_a-lseekr.o)
[...]
Memory Configuration

Name             Origin             Length             Attributes
RAM              0x20000000         0x00005000         xrw
FLASH            0x08000000         0x00020000         xr
*default*        0x00000000         0xffffffff

Linker script and memory map

LOAD C:/ST/STM32CubeIDE_1.19.0/STM32CubeIDE/plugins/com.st.stm32cube.ide.mcu.externaltools.gnu-tools-for-stm32.13.3.rel1.win32_1.0.0.202411081344/tools/bin/../lib/gcc/arm-none-eabi/13.3.1/thumb/v7-m/nofp/crti.o
LOAD C:/ST/STM32CubeIDE_1.19.0/STM32CubeIDE/plugins/com.st.stm32cube.ide.mcu.externaltools.gnu-tools-for-stm32.13.3.rel1.win32_1.0.0.202411081344/tools/bin/../lib/gcc/arm-none-eabi/13.3.1/thumb/v7-m/nofp/crtbegin.o
LOAD C:/ST/STM32CubeIDE_1.19.0/STM32CubeIDE/plugins/com.st.stm32cube.ide.mcu.externaltools.gnu-tools-for-stm32.13.3.rel1.win32_1.0.0.202411081344/tools/bin/../lib/gcc/arm-none-eabi/13.3.1/../../../../arm-none-eabi/lib/thumb/v7-m/nofp/crt0.o
LOAD ./Core/Src/main.o
LOAD ./Core/Src/stm32f1xx_hal_msp.o
LOAD ./Core/Src/stm32f1xx_it.o
LOAD ./Core/Src/syscalls.o
LOAD ./Core/Src/sysmem.o
LOAD ./Core/Src/system_stm32f1xx.o
LOAD ./Core/Startup/startup_stm32f103rbtx.o
LOAD ./Drivers/STM32F1xx_HAL_Driver/Src/stm32f1xx_hal.o
LOAD ./Drivers/STM32F1xx_HAL_Driver/Src/stm32f1xx_hal_cortex.o
LOAD ./Drivers/STM32F1xx_HAL_Driver/Src/stm32f1xx_hal_dma.o
LOAD ./Drivers/STM32F1xx_HAL_Driver/Src/stm32f1xx_hal_exti.o
LOAD ./Drivers/STM32F1xx_HAL_Driver/Src/stm32f1xx_hal_flash.o
LOAD ./Drivers/STM32F1xx_HAL_Driver/Src/stm32f1xx_hal_flash_ex.o
LOAD ./Drivers/STM32F1xx_HAL_Driver/Src/stm32f1xx_hal_gpio.o
LOAD ./Drivers/STM32F1xx_HAL_Driver/Src/stm32f1xx_hal_gpio_ex.o
LOAD ./Drivers/STM32F1xx_HAL_Driver/Src/stm32f1xx_hal_pwr.o
LOAD ./Drivers/STM32F1xx_HAL_Driver/Src/stm32f1xx_hal_rcc.o
LOAD ./Drivers/STM32F1xx_HAL_Driver/Src/stm32f1xx_hal_rcc_ex.o
LOAD ./Drivers/STM32F1xx_HAL_Driver/Src/stm32f1xx_hal_uart.o
START GROUP
LOAD C:/ST/STM32CubeIDE_1.19.0/STM32CubeIDE/plugins/com.st.stm32cube.ide.mcu.externaltools.gnu-tools-for-stm32.13.3.rel1.win32_1.0.0.202411081344/tools/bin/../lib/gcc/arm-none-eabi/13.3.1/../../../../arm-none-eabi/lib/thumb/v7-m/nofp\libc_nano.a
LOAD C:/ST/STM32CubeIDE_1.19.0/STM32CubeIDE/plugins/com.st.stm32cube.ide.mcu.externaltools.gnu-tools-for-stm32.13.3.rel1.win32_1.0.0.202411081344/tools/bin/../lib/gcc/arm-none-eabi/13.3.1/../../../../arm-none-eabi/lib/thumb/v7-m/nofp\libm.a
END GROUP
START GROUP
LOAD C:/ST/STM32CubeIDE_1.19.0/STM32CubeIDE/plugins/com.st.stm32cube.ide.mcu.externaltools.gnu-tools-for-stm32.13.3.rel1.win32_1.0.0.202411081344/tools/bin/../lib/gcc/arm-none-eabi/13.3.1/thumb/v7-m/nofp\libgcc.a
LOAD C:/ST/STM32CubeIDE_1.19.0/STM32CubeIDE/plugins/com.st.stm32cube.ide.mcu.externaltools.gnu-tools-for-stm32.13.3.rel1.win32_1.0.0.202411081344/tools/bin/../lib/gcc/arm-none-eabi/13.3.1/../../../../arm-none-eabi/lib/thumb/v7-m/nofp\libc_nano.a
END GROUP
START GROUP
LOAD C:/ST/STM32CubeIDE_1.19.0/STM32CubeIDE/plugins/com.st.stm32cube.ide.mcu.externaltools.gnu-tools-for-stm32.13.3.rel1.win32_1.0.0.202411081344/tools/bin/../lib/gcc/arm-none-eabi/13.3.1/thumb/v7-m/nofp\libgcc.a
LOAD C:/ST/STM32CubeIDE_1.19.0/STM32CubeIDE/plugins/com.st.stm32cube.ide.mcu.externaltools.gnu-tools-for-stm32.13.3.rel1.win32_1.0.0.202411081344/tools/bin/../lib/gcc/arm-none-eabi/13.3.1/../../../../arm-none-eabi/lib/thumb/v7-m/nofp\libc_nano.a
LOAD C:/ST/STM32CubeIDE_1.19.0/STM32CubeIDE/plugins/com.st.stm32cube.ide.mcu.externaltools.gnu-tools-for-stm32.13.3.rel1.win32_1.0.0.202411081344/tools/bin/../lib/gcc/arm-none-eabi/13.3.1/../../../../arm-none-eabi/lib/thumb/v7-m/nofp\libnosys.a
END GROUP
START GROUP
LOAD C:/ST/STM32CubeIDE_1.19.0/STM32CubeIDE/plugins/com.st.stm32cube.ide.mcu.externaltools.gnu-tools-for-stm32.13.3.rel1.win32_1.0.0.202411081344/tools/bin/../lib/gcc/arm-none-eabi/13.3.1/thumb/v7-m/nofp\libgcc.a
LOAD C:/ST/STM32CubeIDE_1.19.0/STM32CubeIDE/plugins/com.st.stm32cube.ide.mcu.externaltools.gnu-tools-for-stm32.13.3.rel1.win32_1.0.0.202411081344/tools/bin/../lib/gcc/arm-none-eabi/13.3.1/../../../../arm-none-eabi/lib/thumb/v7-m/nofp\libc_nano.a
LOAD C:/ST/STM32CubeIDE_1.19.0/STM32CubeIDE/plugins/com.st.stm32cube.ide.mcu.externaltools.gnu-tools-for-stm32.13.3.rel1.win32_1.0.0.202411081344/tools/bin/../lib/gcc/arm-none-eabi/13.3.1/../../../../arm-none-eabi/lib/thumb/v7-m/nofp\libnosys.a
END GROUP
LOAD C:/ST/STM32CubeIDE_1.19.0/STM32CubeIDE/plugins/com.st.stm32cube.ide.mcu.externaltools.gnu-tools-for-stm32.13.3.rel1.win32_1.0.0.202411081344/tools/bin/../lib/gcc/arm-none-eabi/13.3.1/thumb/v7-m/nofp/crtend.o
LOAD C:/ST/STM32CubeIDE_1.19.0/STM32CubeIDE/plugins/com.st.stm32cube.ide.mcu.externaltools.gnu-tools-for-stm32.13.3.rel1.win32_1.0.0.202411081344/tools/bin/../lib/gcc/arm-none-eabi/13.3.1/thumb/v7-m/nofp/crtn.o
                0x20005000                        _estack = (ORIGIN (RAM) + LENGTH (RAM))
                0x00000200                        _Min_Heap_Size = 0x200
                0x00000400                        _Min_Stack_Size = 0x400

.isr_vector     0x08000000      0x10c
                0x08000000                        . = ALIGN (0x4)
 *(.isr_vector)
 .isr_vector    0x08000000      0x10c ./Core/Startup/startup_stm32f103rbtx.o
                0x08000000                g_pfnVectors
                0x0800010c                        . = ALIGN (0x4)

.text           0x0800010c     0x2ea4
                0x0800010c                        . = ALIGN (0x4)
 *(.text)
 .text          0x0800010c       0x40 C:/ST/STM32CubeIDE_1.19.0/STM32CubeIDE/plugins/com.st.stm32cube.ide.mcu.externaltools.gnu-tools-for-stm32.13.3.rel1.win32_1.0.0.202411081344/tools/bin/../lib/gcc/arm-none-eabi/13.3.1/thumb/v7-m/nofp/crtbegin.o
 .text          0x0800014c      0x21c C:/ST/STM32CubeIDE_1.19.0/STM32CubeIDE/plugins/com.st.stm32cube.ide.mcu.externaltools.gnu-tools-for-stm32.13.3.rel1.win32_1.0.0.202411081344/tools/bin/../lib/gcc/arm-none-eabi/13.3.1/thumb/v7-m/nofp\libgcc.a(_arm_addsubsf3.o)
                0x0800014c                __aeabi_frsub
                0x08000154                __subsf3
                0x08000154                __aeabi_fsub
                0x08000158                __aeabi_fadd
                0x08000158                __addsf3
                0x080002b8                __aeabi_ui2f
                0x080002b8                __floatunsisf
                0x080002c0                __aeabi_i2f
                0x080002c0                __floatsisf
                0x080002dc                __aeabi_ul2f
                0x080002dc                __floatundisf
                0x080002ec                __aeabi_l2f
                0x080002ec                __floatdisf
 .text          0x08000368      0x2a0 C:/ST/STM32CubeIDE_1.19.0/STM32CubeIDE/plugins/com.st.stm32cube.ide.mcu.externaltools.gnu-tools-for-stm32.13.3.rel1.win32_1.0.0.202411081344/tools/bin/../lib/gcc/arm-none-eabi/13.3.1/thumb/v7-m/nofp\libgcc.a(_arm_muldivsf3.o)
                0x08000368                __mulsf3
                0x08000368                __aeabi_fmul
                0x080004d0                __aeabi_fdiv
                0x080004d0                __divsf3
 .text          0x08000608       0x40 C:/ST/STM32CubeIDE_1.19.0/STM32CubeIDE/plugins/com.st.stm32cube.ide.mcu.externaltools.gnu-tools-for-stm32.13.3.rel1.win32_1.0.0.202411081344/tools/bin/../lib/gcc/arm-none-eabi/13.3.1/thumb/v7-m/nofp\libgcc.a(_arm_fixunssfsi.o)
                0x08000608                __fixunssfsi
                0x08000608                __aeabi_f2uiz
 *(.text*)
 .text.calculate_checksum
                0x08000648       0x46 ./Core/Src/main.o
                0x08000648                calculate_checksum
 .text.check_sum
                0x0800068e       0x42 ./Core/Src/main.o
                0x0800068e                check_sum
 .text.map      0x080006d0       0x80 ./Core/Src/main.o
                0x080006d0                map
 .text.generate_message
                0x08000750       0x5a ./Core/Src/main.o
                0x08000750                generate_message
 *fill*         0x080007aa        0x2 
 .text.M_transmit_message
                0x080007ac       0x68 ./Core/Src/main.o
                0x080007ac                M_transmit_message
 .text.M_Step_RPM_Write
                0x08000814       0x8c ./Core/Src/main.o
                0x08000814                M_Step_RPM_Write
 .text.M_Step_remaining_steps_Write
                0x080008a0       0x50 ./Core/Src/main.o
                0x080008a0                M_Step_remaining_steps_Write
 .text.M_Step_direction_Write
                0x080008f0       0x44 ./Core/Src/main.o
                0x080008f0                M_Step_direction_Write
 .text.M_Sensor_distance_Read
                0x08000934       0x40 ./Core/Src/main.o
                0x08000934                M_Sensor_distance_Read
 .text.M_Camera_x_pozition_Read
                0x08000974       0x40 ./Core/Src/main.o
                0x08000974                M_Camera_x_pozition_Read
 .text.main     0x080009b4      0x10c ./Core/Src/main.o
                0x080009b4                main
 .text.SystemClock_Config
                0x08000ac0       0x82 ./Core/Src/main.o
                0x08000ac0                SystemClock_Config
 *fill*         0x08000b42        0x2 
 .text.MX_USART1_UART_Init
                0x08000b44       0x54 ./Core/Src/main.o
 .text.MX_GPIO_Init
                0x08000b98      0x104 ./Core/Src/main.o
 .text.HAL_UARTEx_RxEventCallback
                0x08000c9c      0x460 ./Core/Src/main.o
                0x08000c9c                HAL_UARTEx_RxEventCallback
 .text.HAL_UART_TxCpltCallback
                0x080010fc       0x2c ./Core/Src/main.o
                0x080010fc                HAL_UART_TxCpltCallback
 .text.Error_Handler
                0x08001128        0xc ./Core/Src/main.o
                0x08001128                Error_Handler
 .text.HAL_MspInit
                0x08001134       0x64 ./Core/Src/stm32f1xx_hal_msp.o
                0x08001134                HAL_MspInit
 .text.HAL_UART_MspInit
                0x08001198       0xa8 ./Core/Src/stm32f1xx_hal_msp.o
                0x08001198                HAL_UART_MspInit
 .text.NMI_Handler
                0x08001240        0x8 ./Core/Src/stm32f1xx_it.o
                0x08001240                NMI_Handler
 .text.HardFault_Handler
                0x08001248        0x8 ./Core/Src/stm32f1xx_it.o
                0x08001248                HardFault_Handler
 .text.MemManage_Handler
                0x08001250        0x8 ./Core/Src/stm32f1xx_it.o
                0x08001250                MemManage_Handler
 .text.BusFault_Handler
                0x08001258        0x8 ./Core/Src/stm32f1xx_it.o
                0x08001258                BusFault_Handler
 .text.UsageFault_Handler
                0x08001260        0x8 ./Core/Src/stm32f1xx_it.o
                0x08001260                UsageFault_Handler
 .text.SVC_Handler
                0x08001268        0xc ./Core/Src/stm32f1xx_it.o
                0x08001268                SVC_Handler
 .text.DebugMon_Handler
                0x08001274        0xc ./Core/Src/stm32f1xx_it.o
                0x08001274                DebugMon_Handler
 .text.PendSV_Handler
                0x08001280        0xc ./Core/Src/stm32f1xx_it.o
                0x08001280                PendSV_Handler
 .text.SysTick_Handler
                0x0800128c        0xc ./Core/Src/stm32f1xx_it.o
                0x0800128c                SysTick_Handler
 .text.USART1_IRQHandler
                0x08001298       0x14 ./Core/Src/stm32f1xx_it.o
                0x08001298                USART1_IRQHandler
 .text.EXTI15_10_IRQHandler
                0x080012ac       0x10 ./Core/Src/stm32f1xx_it.o
                0x080012ac                EXTI15_10_IRQHandler
 .text.SystemInit
                0x080012bc        0xc ./Core/Src/system_stm32f1xx.o
                0x080012bc                SystemInit
 .text.Reset_Handler
                0x080012c8       0x48 ./Core/Startup/startup_stm32f103rbtx.o
                0x080012c8                Reset_Handler
 .text.Default_Handler
                0x08001310        0x2 ./Core/Startup/startup_stm32f103rbtx.o
                0x08001310                RTC_Alarm_IRQHandler
                0x08001310                EXTI2_IRQHandler
                0x08001310                TIM1_CC_IRQHandler
                0x08001310                PVD_IRQHandler
                0x08001310                EXTI3_IRQHandler
                0x08001310                EXTI0_IRQHandler
                0x08001310                I2C2_EV_IRQHandler
                0x08001310                ADC1_2_IRQHandler
                0x08001310                SPI1_IRQHandler
                0x08001310                TAMPER_IRQHandler
                0x08001310                DMA1_Channel4_IRQHandler
                0x08001310                USART3_IRQHandler
                0x08001310                RTC_IRQHandler
                0x08001310                DMA1_Channel7_IRQHandler
                0x08001310                CAN1_RX1_IRQHandler
                0x08001310                TIM4_IRQHandler
                0x08001310                I2C1_EV_IRQHandler
                0x08001310                DMA1_Channel6_IRQHandler
                0x08001310                TIM3_IRQHandler
                0x08001310                RCC_IRQHandler
                0x08001310                TIM1_TRG_COM_IRQHandler
                0x08001310                DMA1_Channel1_IRQHandler
                0x08001310                Default_Handler
                0x08001310                EXTI9_5_IRQHandler
                0x08001310                SPI2_IRQHandler
                0x08001310                DMA1_Channel5_IRQHandler
                0x08001310                EXTI4_IRQHandler
                0x08001310                USB_LP_CAN1_RX0_IRQHandler
                0x08001310                USB_HP_CAN1_TX_IRQHandler
                0x08001310                DMA1_Channel3_IRQHandler
                0x08001310                TIM1_UP_IRQHandler
                0x08001310                WWDG_IRQHandler
                0x08001310                TIM2_IRQHandler
                0x08001310                TIM1_BRK_IRQHandler
                0x08001310                EXTI1_IRQHandler
                0x08001310                USART2_IRQHandler
                0x08001310                I2C2_ER_IRQHandler
                0x08001310                DMA1_Channel2_IRQHandler
                0x08001310                CAN1_SCE_IRQHandler
                0x08001310                FLASH_IRQHandler
                0x08001310                I2C1_ER_IRQHandler
                0x08001310                USBWakeUp_IRQHandler
 *fill*         0x08001312        0x2 
 .text.HAL_Init
                0x08001314       0x2c ./Drivers/STM32F1xx_HAL_Driver/Src/stm32f1xx_hal.o
                0x08001314                HAL_Init
 .text.HAL_InitTick
                0x08001340       0x60 ./Drivers/STM32F1xx_HAL_Driver/Src/stm32f1xx_hal.o
                0x08001340                HAL_InitTick
 .text.HAL_IncTick
                0x080013a0       0x24 ./Drivers/STM32F1xx_HAL_Driver/Src/stm32f1xx_hal.o
                0x080013a0                HAL_IncTick
 .text.HAL_GetTick
                0x080013c4       0x14 ./Drivers/STM32F1xx_HAL_Driver/Src/stm32f1xx_hal.o
                0x080013c4                HAL_GetTick
 .text.HAL_Delay
                0x080013d8       0x48 ./Drivers/STM32F1xx_HAL_Driver/Src/stm32f1xx_hal.o
                0x080013d8                HAL_Delay
 .text.__NVIC_SetPriorityGrouping
                0x08001420       0x48 ./Drivers/STM32F1xx_HAL_Driver/Src/stm32f1xx_hal_cortex.o
 .text.__NVIC_GetPriorityGrouping
                0x08001468       0x1c ./Drivers/STM32F1xx_HAL_Driver/Src/stm32f1xx_hal_cortex.o
 .text.__NVIC_EnableIRQ
                0x08001484       0x38 ./Drivers/STM32F1xx_HAL_Driver/Src/stm32f1xx_hal_cortex.o
 .text.__NVIC_SetPriority
                0x080014bc       0x54 ./Drivers/STM32F1xx_HAL_Driver/Src/stm32f1xx_hal_cortex.o
 .text.NVIC_EncodePriority
                0x08001510       0x64 ./Drivers/STM32F1xx_HAL_Driver/Src/stm32f1xx_hal_cortex.o
 .text.SysTick_Config
                0x08001574       0x44 ./Drivers/STM32F1xx_HAL_Driver/Src/stm32f1xx_hal_cortex.o
 .text.HAL_NVIC_SetPriorityGrouping
                0x080015b8       0x16 ./Drivers/STM32F1xx_HAL_Driver/Src/stm32f1xx_hal_cortex.o
                0x080015b8                HAL_NVIC_SetPriorityGrouping
 .text.HAL_NVIC_SetPriority
                0x080015ce       0x38 ./Drivers/STM32F1xx_HAL_Driver/Src/stm32f1xx_hal_cortex.o
                0x080015ce                HAL_NVIC_SetPriority
 .text.HAL_NVIC_EnableIRQ
                0x08001606       0x1c ./Drivers/STM32F1xx_HAL_Driver/Src/stm32f1xx_hal_cortex.o
                0x08001606                HAL_NVIC_EnableIRQ
 .text.HAL_SYSTICK_Config
                0x08001622       0x18 ./Drivers/STM32F1xx_HAL_Driver/Src/stm32f1xx_hal_cortex.o
                0x08001622                HAL_SYSTICK_Config
 .text.HAL_DMA_Abort
                0x0800163a       0x76 ./Drivers/STM32F1xx_HAL_Driver/Src/stm32f1xx_hal_dma.o
                0x0800163a                HAL_DMA_Abort
 .text.HAL_DMA_Abort_IT
                0x080016b0       0xf0 ./Drivers/STM32F1xx_HAL_Driver/Src/stm32f1xx_hal_dma.o
                0x080016b0                HAL_DMA_Abort_IT
 .text.HAL_GPIO_Init
                0x080017a0      0x308 ./Drivers/STM32F1xx_HAL_Driver/Src/stm32f1xx_hal_gpio.o
                0x080017a0                HAL_GPIO_Init
 .text.HAL_GPIO_WritePin
                0x08001aa8       0x30 ./Drivers/STM32F1xx_HAL_Driver/Src/stm32f1xx_hal_gpio.o
                0x08001aa8                HAL_GPIO_WritePin
 .text.HAL_GPIO_TogglePin
                0x08001ad8       0x32 ./Drivers/STM32F1xx_HAL_Driver/Src/stm32f1xx_hal_gpio.o
                0x08001ad8                HAL_GPIO_TogglePin
 *fill*         0x08001b0a        0x2 
 .text.HAL_GPIO_EXTI_IRQHandler
                0x08001b0c       0x30 ./Drivers/STM32F1xx_HAL_Driver/Src/stm32f1xx_hal_gpio.o
                0x08001b0c                HAL_GPIO_EXTI_IRQHandler
 .text.HAL_GPIO_EXTI_Callback
                0x08001b3c       0x14 ./Drivers/STM32F1xx_HAL_Driver/Src/stm32f1xx_hal_gpio.o
                0x08001b3c                HAL_GPIO_EXTI_Callback
 .text.HAL_RCC_OscConfig
                0x08001b50      0x504 ./Drivers/STM32F1xx_HAL_Driver/Src/stm32f1xx_hal_rcc.o
                0x08001b50                HAL_RCC_OscConfig
 .text.HAL_RCC_ClockConfig
                0x08002054      0x1d4 ./Drivers/STM32F1xx_HAL_Driver/Src/stm32f1xx_hal_rcc.o
                0x08002054                HAL_RCC_ClockConfig
 .text.HAL_RCC_GetSysClockFreq
                0x08002228       0xa8 ./Drivers/STM32F1xx_HAL_Driver/Src/stm32f1xx_hal_rcc.o
                0x08002228                HAL_RCC_GetSysClockFreq
 .text.HAL_RCC_GetHCLKFreq
                0x080022d0       0x14 ./Drivers/STM32F1xx_HAL_Driver/Src/stm32f1xx_hal_rcc.o
                0x080022d0                HAL_RCC_GetHCLKFreq
 .text.HAL_RCC_GetPCLK1Freq
                0x080022e4       0x28 ./Drivers/STM32F1xx_HAL_Driver/Src/stm32f1xx_hal_rcc.o
                0x080022e4                HAL_RCC_GetPCLK1Freq
 .text.HAL_RCC_GetPCLK2Freq
                0x0800230c       0x28 ./Drivers/STM32F1xx_HAL_Driver/Src/stm32f1xx_hal_rcc.o
                0x0800230c                HAL_RCC_GetPCLK2Freq
 .text.RCC_Delay
                0x08002334       0x3c ./Drivers/STM32F1xx_HAL_Driver/Src/stm32f1xx_hal_rcc.o
 .text.HAL_UART_Init
                0x08002370       0xa0 ./Drivers/STM32F1xx_HAL_Driver/Src/stm32f1xx_hal_uart.o
                0x08002370                HAL_UART_Init
 .text.HAL_UART_Transmit_IT
                0x08002410       0x6a ./Drivers/STM32F1xx_HAL_Driver/Src/stm32f1xx_hal_uart.o
                0x08002410                HAL_UART_Transmit_IT
 .text.HAL_UARTEx_ReceiveToIdle_IT
                0x0800247a       0xba ./Drivers/STM32F1xx_HAL_Driver/Src/stm32f1xx_hal_uart.o
                0x0800247a                HAL_UARTEx_ReceiveToIdle_IT
 .text.HAL_UART_IRQHandler
                0x08002534      0x524 ./Drivers/STM32F1xx_HAL_Driver/Src/stm32f1xx_hal_uart.o
                0x08002534                HAL_UART_IRQHandler
 .text.HAL_UART_RxCpltCallback
                0x08002a58       0x12 ./Drivers/STM32F1xx_HAL_Driver/Src/stm32f1xx_hal_uart.o
                0x08002a58                HAL_UART_RxCpltCallback
 .text.HAL_UART_ErrorCallback
                0x08002a6a       0x12 ./Drivers/STM32F1xx_HAL_Driver/Src/stm32f1xx_hal_uart.o
                0x08002a6a                HAL_UART_ErrorCallback
 .text.UART_Start_Receive_IT
                0x08002a7c       0x72 ./Drivers/STM32F1xx_HAL_Driver/Src/stm32f1xx_hal_uart.o
                0x08002a7c                UART_Start_Receive_IT
 .text.UART_EndRxTransfer
                0x08002aee       0xc4 ./Drivers/STM32F1xx_HAL_Driver/Src/stm32f1xx_hal_uart.o
 .text.UART_DMAAbortOnError
                0x08002bb2       0x28 ./Drivers/STM32F1xx_HAL_Driver/Src/stm32f1xx_hal_uart.o
 .text.UART_Transmit_IT
                0x08002bda       0x9e ./Drivers/STM32F1xx_HAL_Driver/Src/stm32f1xx_hal_uart.o
 .text.UART_EndTransmit_IT
                0x08002c78       0x30 ./Drivers/STM32F1xx_HAL_Driver/Src/stm32f1xx_hal_uart.o
 .text.UART_Receive_IT
                0x08002ca8      0x17c ./Drivers/STM32F1xx_HAL_Driver/Src/stm32f1xx_hal_uart.o
 .text.UART_SetConfig
                0x08002e24      0x11c ./Drivers/STM32F1xx_HAL_Driver/Src/stm32f1xx_hal_uart.o
 .text.memset   0x08002f40       0x10 C:/ST/STM32CubeIDE_1.19.0/STM32CubeIDE/plugins/com.st.stm32cube.ide.mcu.externaltools.gnu-tools-for-stm32.13.3.rel1.win32_1.0.0.202411081344/tools/bin/../lib/gcc/arm-none-eabi/13.3.1/../../../../arm-none-eabi/lib/thumb/v7-m/nofp\libc_nano.a(libc_a-memset.o)
                0x08002f40                memset
 .text.__libc_init_array
                0x08002f50       0x48 C:/ST/STM32CubeIDE_1.19.0/STM32CubeIDE/plugins/com.st.stm32cube.ide.mcu.externaltools.gnu-tools-for-stm32.13.3.rel1.win32_1.0.0.202411081344/tools/bin/../lib/gcc/arm-none-eabi/13.3.1/../../../../arm-none-eabi/lib/thumb/v7-m/nofp\libc_nano.a(libc_a-init.o)
                0x08002f50                __libc_init_array
 *(.glue_7)
 .glue_7        0x08002f98        0x0 linker stubs
 *(.glue_7t)
 .glue_7t       0x08002f98        0x0 linker stubs
 *(.eh_frame)
 .eh_frame      0x08002f98        0x0 C:/ST/STM32CubeIDE_1.19.0/STM32CubeIDE/plugins/com.st.stm32cube.ide.mcu.externaltools.gnu-tools-for-stm32.13.3.rel1.win32_1.0.0.202411081344/tools/bin/../lib/gcc/arm-none-eabi/13.3.1/thumb/v7-m/nofp/crtbegin.o
 *(.init)
 .init          0x08002f98        0x4 C:/ST/STM32CubeIDE_1.19.0/STM32CubeIDE/plugins/com.st.stm32cube.ide.mcu.externaltools.gnu-tools-for-stm32.13.3.rel1.win32_1.0.0.202411081344/tools/bin/../lib/gcc/arm-none-eabi/13.3.1/thumb/v7-m/nofp/crti.o
                0x08002f98                _init
 .init          0x08002f9c        0x8 C:/ST/STM32CubeIDE_1.19.0/STM32CubeIDE/plugins/com.st.stm32cube.ide.mcu.externaltools.gnu-tools-for-stm32.13.3.rel1.win32_1.0.0.202411081344/tools/bin/../lib/gcc/arm-none-eabi/13.3.1/thumb/v7-m/nofp/crtn.o
 *(.fini)
 .fini          0x08002fa4        0x4 C:/ST/STM32CubeIDE_1.19.0/STM32CubeIDE/plugins/com.st.stm32cube.ide.mcu.externaltools.gnu-tools-for-stm32.13.3.rel1.win32_1.0.0.202411081344/tools/bin/../lib/gcc/arm-none-eabi/13.3.1/thumb/v7-m/nofp/crti.o
                0x08002fa4                _fini
 .fini          0x08002fa8        0x8 C:/ST/STM32CubeIDE_1.19.0/STM32CubeIDE/plugins/com.st.stm32cube.ide.mcu.externaltools.gnu-tools-for-stm32.13.3.rel1.win32_1.0.0.202411081344/tools/bin/../lib/gcc/arm-none-eabi/13.3.1/thumb/v7-m/nofp/crtn.o
                0x08002fb0                        . = ALIGN (0x4)
                0x08002fb0                        _etext = .

.vfp11_veneer   0x08002fb0        0x0
 .vfp11_veneer  0x08002fb0        0x0 linker stubs

.v4_bx          0x08002fb0        0x0
 .v4_bx         0x08002fb0        0x0 linker stubs

.iplt           0x08002fb0        0x0
 .iplt          0x08002fb0        0x0 C:/ST/STM32CubeIDE_1.19.0/STM32CubeIDE/plugins/com.st.stm32cube.ide.mcu.externaltools.gnu-tools-for-stm32.13.3.rel1.win32_1.0.0.202411081344/tools/bin/../lib/gcc/arm-none-eabi/13.3.1/thumb/v7-m/nofp/crtbegin.o

.rodata         0x08002fb0       0x2c
                0x08002fb0                        . = ALIGN (0x4)
 *(.rodata)
 *(.rodata*)
 .rodata.AHBPrescTable
                0x08002fb0       0x10 ./Core/Src/system_stm32f1xx.o
                0x08002fb0                AHBPrescTable
 .rodata.APBPrescTable
                0x08002fc0        0x8 ./Core/Src/system_stm32f1xx.o
                0x08002fc0                APBPrescTable
 .rodata.aPLLMULFactorTable.1
                0x08002fc8       0x10 ./Drivers/STM32F1xx_HAL_Driver/Src/stm32f1xx_hal_rcc.o
 .rodata.aPredivFactorTable.0
                0x08002fd8        0x2 ./Drivers/STM32F1xx_HAL_Driver/Src/stm32f1xx_hal_rcc.o
                0x08002fdc                        . = ALIGN (0x4)
 *fill*         0x08002fda        0x2 

.ARM.extab      0x08002fdc        0x0
                0x08002fdc                        . = ALIGN (0x4)
 *(.ARM.extab* .gnu.linkonce.armextab.*)
                0x08002fdc                        . = ALIGN (0x4)

.ARM            0x08002fdc        0x0
                0x08002fdc                        . = ALIGN (0x4)
                0x08002fdc                        __exidx_start = .
 *(.ARM.exidx*)
                0x08002fdc                        __exidx_end = .
                0x08002fdc                        . = ALIGN (0x4)

.preinit_array  0x08002fdc        0x0
                0x08002fdc                        . = ALIGN (0x4)
                0x08002fdc                        PROVIDE (__preinit_array_start = .)
 *(.preinit_array*)
                0x08002fdc                        PROVIDE (__preinit_array_end = .)
                0x08002fdc                        . = ALIGN (0x4)

.init_array     0x08002fdc        0x4
                0x08002fdc                        . = ALIGN (0x4)
                0x08002fdc                        PROVIDE (__init_array_start = .)
 *(SORT_BY_NAME(.init_array.*))
 *(.init_array*)
 .init_array    0x08002fdc        0x4 C:/ST/STM32CubeIDE_1.19.0/STM32CubeIDE/plugins/com.st.stm32cube.ide.mcu.externaltools.gnu-tools-for-stm32.13.3.rel1.win32_1.0.0.202411081344/tools/bin/../lib/gcc/arm-none-eabi/13.3.1/thumb/v7-m/nofp/crtbegin.o
                0x08002fe0                        PROVIDE (__init_array_end = .)
                0x08002fe0                        . = ALIGN (0x4)

.fini_array     0x08002fe0        0x4
                0x08002fe0                        . = ALIGN (0x4)
                [!provide]                        PROVIDE (__fini_array_start = .)
 *(SORT_BY_NAME(.fini_array.*))
 *(.fini_array*)
 .fini_array    0x08002fe0        0x4 C:/ST/STM32CubeIDE_1.19.0/STM32CubeIDE/plugins/com.st.stm32cube.ide.mcu.externaltools.gnu-tools-for-stm32.13.3.rel1.win32_1.0.0.202411081344/tools/bin/../lib/gcc/arm-none-eabi/13.3.1/thumb/v7-m/nofp/crtbegin.o
                [!provide]                        PROVIDE (__fini_array_end = .)
                0x08002fe4                        . = ALIGN (0x4)
                0x08002fe4                        _sidata = LOADADDR (.data)

.rel.dyn        0x08002fe4        0x0
 .rel.iplt      0x08002fe4        0x0 C:/ST/STM32CubeIDE_1.19.0/STM32CubeIDE/plugins/com.st.stm32cube.ide.mcu.externaltools.gnu-tools-for-stm32.13.3.rel1.win32_1.0.0.202411081344/tools/bin/../lib/gcc/arm-none-eabi/13.3.1/thumb/v7-m/nofp/crtbegin.o

.data           0x20000000       0x10 load address 0x08002fe4
                0x20000000                        . = ALIGN (0x4)
                0x20000000                        _sdata = .
 *(.data)
 *(.data*)
 .data.M_step_rpm_speed
                0x20000000        0x1 ./Core/Src/main.o
                0x20000000                M_step_rpm_speed
 *fill*         0x20000001        0x3 
 .data.SystemCoreClock
                0x20000004        0x4 ./Core/Src/system_stm32f1xx.o
                0x20000004                SystemCoreClock
 .data.uwTickPrio
                0x20000008        0x4 ./Drivers/STM32F1xx_HAL_Driver/Src/stm32f1xx_hal.o
                0x20000008                uwTickPrio
 .data.uwTickFreq
                0x2000000c        0x1 ./Drivers/STM32F1xx_HAL_Driver/Src/stm32f1xx_hal.o
                0x2000000c                uwTickFreq
 *(.RamFunc)
 *(.RamFunc*)
                0x20000010                        . = ALIGN (0x4)
 *fill*         0x2000000d        0x3 
                0x20000010                        _edata = .

.igot.plt       0x20000010        0x0 load address 0x08002ff4
 .igot.plt      0x20000010        0x0 C:/ST/STM32CubeIDE_1.19.0/STM32CubeIDE/plugins/com.st.stm32cube.ide.mcu.externaltools.gnu-tools-for-stm32.13.3.rel1.win32_1.0.0.202411081344/tools/bin/../lib/gcc/arm-none-eabi/13.3.1/thumb/v7-m/nofp/crtbegin.o
                0x20000010                        . = ALIGN (0x4)

.bss            0x20000010       0x90 load address 0x08002ff4
                0x20000010                        _sbss = .
                0x20000010                        __bss_start__ = _sbss
 *(.bss)
 .bss           0x20000010       0x1c C:/ST/STM32CubeIDE_1.19.0/STM32CubeIDE/plugins/com.st.stm32cube.ide.mcu.externaltools.gnu-tools-for-stm32.13.3.rel1.win32_1.0.0.202411081344/tools/bin/../lib/gcc/arm-none-eabi/13.3.1/thumb/v7-m/nofp/crtbegin.o
 *(.bss*)
 .bss.huart1    0x2000002c       0x48 ./Core/Src/main.o
                0x2000002c                huart1
 .bss.M_RxData  0x20000074        0x1 ./Core/Src/main.o
                0x20000074                M_RxData
 *fill*         0x20000075        0x3 
 .bss.M_TxData  0x20000078        0x7 ./Core/Src/main.o
                0x20000078                M_TxData
 .bss.M_last_trasmitted_adress
                0x2000007f        0x1 ./Core/Src/main.o
                0x2000007f                M_last_trasmitted_adress
 .bss.M_command_H
                0x20000080        0x1 ./Core/Src/main.o
                0x20000080                M_command_H
 .bss.M_command_L
                0x20000081        0x1 ./Core/Src/main.o
                0x20000081                M_command_L
 .bss.M_data_H  0x20000082        0x1 ./Core/Src/main.o
                0x20000082                M_data_H
 .bss.M_data_L  0x20000083        0x1 ./Core/Src/main.o
                0x20000083                M_data_L
 .bss.M_counter
                0x20000084        0x1 ./Core/Src/main.o
                0x20000084                M_counter
 .bss.M_is_start_byte
                0x20000085        0x1 ./Core/Src/main.o
                0x20000085                M_is_start_byte
 .bss.M_is_adress_me
                0x20000086        0x1 ./Core/Src/main.o
                0x20000086                M_is_adress_me
 .bss.M_is_error
                0x20000087        0x1 ./Core/Src/main.o
                0x20000087                M_is_error
 .bss.M_checksum
                0x20000088        0x1 ./Core/Src/main.o
                0x20000088                M_checksum
 *fill*         0x20000089        0x1 
 .bss.M_step_remaining_steps
                0x2000008a        0x2 ./Core/Src/main.o
                0x2000008a                M_step_remaining_steps
 .bss.M_Step_direction
                0x2000008c        0x1 ./Core/Src/main.o
                0x2000008c                M_Step_direction
 .bss.M_Servo1_angle
                0x2000008d        0x1 ./Core/Src/main.o
                0x2000008d                M_Servo1_angle
 .bss.M_Servo2_angle
                0x2000008e        0x1 ./Core/Src/main.o
                0x2000008e                M_Servo2_angle
 *fill*         0x2000008f        0x1 
 .bss.Distance  0x20000090        0x2 ./Core/Src/main.o
                0x20000090                Distance
 .bss.camera_x_pos_H
                0x20000092        0x1 ./Core/Src/main.o
                0x20000092                camera_x_pos_H
 .bss.camera_y_pos_H
                0x20000093        0x1 ./Core/Src/main.o
                0x20000093                camera_y_pos_H
 .bss.camera_x_pos_L
                0x20000094        0x1 ./Core/Src/main.o
                0x20000094                camera_x_pos_L
 .bss.camera_y_pos_L
                0x20000095        0x1 ./Core/Src/main.o
                0x20000095                camera_y_pos_L
 .bss.camera_x_pos
                0x20000096        0x2 ./Core/Src/main.o
                0x20000096                camera_x_pos
 .bss.camera_y_pos
                0x20000098        0x2 ./Core/Src/main.o
                0x20000098                camera_y_pos
 .bss.steps     0x2000009a        0x2 ./Core/Src/main.o
                0x2000009a                steps
 .bss.uwTick    0x2000009c        0x4 ./Drivers/STM32F1xx_HAL_Driver/Src/stm32f1xx_hal.o
                0x2000009c                uwTick
 *(COMMON)
                0x200000a0                        . = ALIGN (0x4)
                0x200000a0                        _ebss = .
                0x200000a0                        __bss_end__ = _ebss

._user_heap_stack
                0x200000a0      0x600 load address 0x08002ff4
                0x200000a0                        . = ALIGN (0x8)
                [!provide]                        PROVIDE (end = .)
                0x200000a0                        PROVIDE (_end = .)
                0x200002a0                        . = (. + _Min_Heap_Size)
 *fill*         0x200000a0      0x200 
                0x200006a0                        . = (. + _Min_Stack_Size)
 *fill*         0x200002a0      0x400 
                0x200006a0                        . = ALIGN (0x8)

/DISCARD/
 libc.a(*)
 libm.a(*)
 libgcc.a(*)

.ARM.attributes
                0x00000000       0x29
 *(.ARM.attributes)
 .ARM.attributes
                0x00000000       0x1d C:/ST/STM32CubeIDE_1.19.0/STM32CubeIDE/plugins/com.st.stm32cube.ide.mcu.externaltools.gnu-tools-for-stm32.13.3.rel1.win32_1.0.0.202411081344/tools/bin/../lib/gcc/arm-none-eabi/13.3.1/thumb/v7-m/nofp/crti.o
 .ARM.attributes
                0x0000001d       0x2d C:/ST/STM32CubeIDE_1.19.0/STM32CubeIDE/plugins/com.st.stm32cube.ide.mcu.externaltools.gnu-tools-for-stm32.13.3.rel1.win32_1.0.0.202411081344/tools/bin/../lib/gcc/arm-none-eabi/13.3.1/thumb/v7-m/nofp/crtbegin.o
 .ARM.attributes
                0x0000004a       0x2d ./Core/Src/main.o
 .ARM.attributes
                0x00000077       0x2d ./Core/Src/stm32f1xx_hal_msp.o
 .ARM.attributes
                0x000000a4       0x2d ./Core/Src/stm32f1xx_it.o
 .ARM.attributes
                0x000000d1       0x2d ./Core/Src/system_stm32f1xx.o
 .ARM.attributes
                0x000000fe       0x21 ./Core/Startup/startup_stm32f103rbtx.o
 .ARM.attributes
                0x0000011f       0x2d ./Drivers/STM32F1xx_HAL_Driver/Src/stm32f1xx_hal.o
 .ARM.attributes
                0x0000014c       0x2d ./Drivers/STM32F1xx_HAL_Driver/Src/stm32f1xx_hal_cortex.o
 .ARM.attributes
                0x00000179       0x2d ./Drivers/STM32F1xx_HAL_Driver/Src/stm32f1xx_hal_dma.o
 .ARM.attributes
                0x000001a6       0x2d ./Drivers/STM32F1xx_HAL_Driver/Src/stm32f1xx_hal_gpio.o
 .ARM.attributes
                0x000001d3       0x2d ./Drivers/STM32F1xx_HAL_Driver/Src/stm32f1xx_hal_rcc.o
 .ARM.attributes
                0x00000200       0x2d ./Drivers/STM32F1xx_HAL_Driver/Src/stm32f1xx_hal_uart.o
 .ARM.attributes
                0x0000022d       0x2d C:/ST/STM32CubeIDE_1.19.0/STM32CubeIDE/plugins/com.st.stm32cube.ide.mcu.externaltools.gnu-tools-for-stm32.13.3.rel1.win32_1.0.0.202411081344/tools/bin/../lib/gcc/arm-none-eabi/13.3.1/../../../../arm-none-eabi/lib/thumb/v7-m/nofp\libc_nano.a(libc_a-memset.o)
 .ARM.attributes
                0x0000025a       0x2d C:/ST/STM32CubeIDE_1.19.0/STM32CubeIDE/plugins/com.st.stm32cube.ide.mcu.externaltools.gnu-tools-for-stm32.13.3.rel1.win32_1.0.0.202411081344/tools/bin/../lib/gcc/arm-none-eabi/13.3.1/../../../../arm-none-eabi/lib/thumb/v7-m/nofp\libc_nano.a(libc_a-init.o)
 .ARM.attributes
                0x00000287       0x1d C:/ST/STM32CubeIDE_1.19.0/STM32CubeIDE/plugins/com.st.stm32cube.ide.mcu.externaltools.gnu-tools-for-stm32.13.3.rel1.win32_1.0.0.202411081344/tools/bin/../lib/gcc/arm-none-eabi/13.3.1/thumb/v7-m/nofp\libgcc.a(_arm_addsubsf3.o)
 .ARM.attributes
                0x000002a4       0x1d C:/ST/STM32CubeIDE_1.19.0/STM32CubeIDE/plugins/com.st.stm32cube.ide.mcu.externaltools.gnu-tools-for-stm32.13.3.rel1.win32_1.0.0.202411081344/tools/bin/../lib/gcc/arm-none-eabi/13.3.1/thumb/v7-m/nofp\libgcc.a(_arm_muldivsf3.o)
 .ARM.attributes
                0x000002c1       0x1d C:/ST/STM32CubeIDE_1.19.0/STM32CubeIDE/plugins/com.st.stm32cube.ide.mcu.externaltools.gnu-tools-for-stm32.13.3.rel1.win32_1.0.0.202411081344/tools/bin/../lib/gcc/arm-none-eabi/13.3.1/thumb/v7-m/nofp\libgcc.a(_arm_fixunssfsi.o)
 .ARM.attributes
                0x000002de       0x1d C:/ST/STM32CubeIDE_1.19.0/STM32CubeIDE/plugins/com.st.stm32cube.ide.mcu.externaltools.gnu-tools-for-stm32.13.3.rel1.win32_1.0.0.202411081344/tools/bin/../lib/gcc/arm-none-eabi/13.3.1/thumb/v7-m/nofp/crtn.o
OUTPUT(UART_MASTER.elf elf32-littlearm)
LOAD linker stubs
LOAD C:/ST/STM32CubeIDE_1.19.0/STM32CubeIDE/plugins/com.st.stm32cube.ide.mcu.externaltools.gnu-tools-for-stm32.13.3.rel1.win32_1.0.0.202411081344/tools/bin/../lib/gcc/arm-none-eabi/13.3.1/../../../../arm-none-eabi/lib/thumb/v7-m/nofp\libc.a
LOAD C:/ST/STM32CubeIDE_1.19.0/STM32CubeIDE/plugins/com.st.stm32cube.ide.mcu.externaltools.gnu-tools-for-stm32.13.3.rel1.win32_1.0.0.202411081344/tools/bin/../lib/gcc/arm-none-eabi/13.3.1/../../../../arm-none-eabi/lib/thumb/v7-m/nofp\libm.a
LOAD C:/ST/STM32CubeIDE_1.19.0/STM32CubeIDE/plugins/com.st.stm32cube.ide.mcu.externaltools.gnu-tools-for-stm32.13.3.rel1.win32_1.0.0.202411081344/tools/bin/../lib/gcc/arm-none-eabi/13.3.1/thumb/v7-m/nofp\libgcc.a

.debug_info     0x00000000     0x7946
 .debug_info    0x00000000     0x1294 ./Core/Src/main.o
 .debug_info    0x00001294      0x989 ./Core/Src/stm32f1xx_hal_msp.o
 .debug_info    0x00001c1d      0x60d ./Core/Src/stm32f1xx_it.o
 .debug_info    0x0000222a      0x222 ./Core/Src/system_stm32f1xx.o
 .debug_info    0x0000244c       0x30 ./Core/Startup/startup_stm32f103rbtx.o
 .debug_info    0x0000247c      0x704 ./Drivers/STM32F1xx_HAL_Driver/Src/stm32f1xx_hal.o
 .debug_info    0x00002b80      0xa87 ./Drivers/STM32F1xx_HAL_Driver/Src/stm32f1xx_hal_cortex.o
 .debug_info    0x00003607      0x6d2 ./Drivers/STM32F1xx_HAL_Driver/Src/stm32f1xx_hal_dma.o
 .debug_info    0x00003cd9      0x5ab ./Drivers/STM32F1xx_HAL_Driver/Src/stm32f1xx_hal_gpio.o
 .debug_info    0x00004284      0x7d5 ./Drivers/STM32F1xx_HAL_Driver/Src/stm32f1xx_hal_rcc.o
 .debug_info    0x00004a59     0x2eed ./Drivers/STM32F1xx_HAL_Driver/Src/stm32f1xx_hal_uart.o

.debug_abbrev   0x00000000     0x1654
 .debug_abbrev  0x00000000      0x323 ./Core/Src/main.o
 .debug_abbrev  0x00000323      0x1ca ./Core/Src/stm32f1xx_hal_msp.o
 .debug_abbrev  0x000004ed      0x18b ./Core/Src/stm32f1xx_it.o
 .debug_abbrev  0x00000678      0x13f ./Core/Src/system_stm32f1xx.o
 .debug_abbrev  0x000007b7       0x24 ./Core/Startup/startup_stm32f103rbtx.o
 .debug_abbrev  0x000007db      0x201 ./Drivers/STM32F1xx_HAL_Driver/Src/stm32f1xx_hal.o
 .debug_abbrev  0x000009dc      0x2f8 ./Drivers/STM32F1xx_HAL_Driver/Src/stm32f1xx_hal_cortex.o
 .debug_abbrev  0x00000cd4      0x20b ./Drivers/STM32F1xx_HAL_Driver/Src/stm32f1xx_hal_dma.o
 .debug_abbrev  0x00000edf      0x1ca ./Drivers/STM32F1xx_HAL_Driver/Src/stm32f1xx_hal_gpio.o
 .debug_abbrev  0x000010a9      0x2b3 ./Drivers/STM32F1xx_HAL_Driver/Src/stm32f1xx_hal_rcc.o
 .debug_abbrev  0x0000135c      0x2f8 ./Drivers/STM32F1xx_HAL_Driver/Src/stm32f1xx_hal_uart.o

.debug_aranges  0x00000000      0x720
 .debug_aranges
                0x00000000       0xe0 ./Core/Src/main.o
 .debug_aranges
                0x000000e0       0x30 ./Core/Src/stm32f1xx_hal_msp.o
 .debug_aranges
                0x00000110       0x70 ./Core/Src/stm32f1xx_it.o
 .debug_aranges
                0x00000180       0x28 ./Core/Src/system_stm32f1xx.o
 .debug_aranges
                0x000001a8       0x28 ./Core/Startup/startup_stm32f103rbtx.o
 .debug_aranges
                0x000001d0       0xe0 ./Drivers/STM32F1xx_HAL_Driver/Src/stm32f1xx_hal.o
 .debug_aranges
                0x000002b0      0x100 ./Drivers/STM32F1xx_HAL_Driver/Src/stm32f1xx_hal_cortex.o
 .debug_aranges
                0x000003b0       0x80 ./Drivers/STM32F1xx_HAL_Driver/Src/stm32f1xx_hal_dma.o
 .debug_aranges
                0x00000430       0x58 ./Drivers/STM32F1xx_HAL_Driver/Src/stm32f1xx_hal_gpio.o
 .debug_aranges
                0x00000488       0x90 ./Drivers/STM32F1xx_HAL_Driver/Src/stm32f1xx_hal_rcc.o
 .debug_aranges
                0x00000518      0x208 ./Drivers/STM32F1xx_HAL_Driver/Src/stm32f1xx_hal_uart.o

.debug_rnglists
                0x00000000      0x574
 .debug_rnglists
                0x00000000       0xa9 ./Core/Src/main.o
 .debug_rnglists
                0x000000a9       0x20 ./Core/Src/stm32f1xx_hal_msp.o
 .debug_rnglists
                0x000000c9       0x4f ./Core/Src/stm32f1xx_it.o
 .debug_rnglists
                0x00000118       0x1a ./Core/Src/system_stm32f1xx.o
 .debug_rnglists
                0x00000132       0x19 ./Core/Startup/startup_stm32f103rbtx.o
 .debug_rnglists
                0x0000014b       0xa3 ./Drivers/STM32F1xx_HAL_Driver/Src/stm32f1xx_hal.o
 .debug_rnglists
                0x000001ee       0xbb ./Drivers/STM32F1xx_HAL_Driver/Src/stm32f1xx_hal_cortex.o
 .debug_rnglists
                0x000002a9       0x64 ./Drivers/STM32F1xx_HAL_Driver/Src/stm32f1xx_hal_dma.o
 .debug_rnglists
                0x0000030d       0x3f ./Drivers/STM32F1xx_HAL_Driver/Src/stm32f1xx_hal_gpio.o
 .debug_rnglists
                0x0000034c       0x6c ./Drivers/STM32F1xx_HAL_Driver/Src/stm32f1xx_hal_rcc.o
 .debug_rnglists
                0x000003b8      0x1bc ./Drivers/STM32F1xx_HAL_Driver/Src/stm32f1xx_hal_uart.o

.debug_macro    0x00000000    0x16a7b
 .debug_macro   0x00000000      0x2c9 ./Core/Src/main.o
 .debug_macro   0x000002c9      0xacc ./Core/Src/main.o
 .debug_macro   0x00000d95      0x215 ./Core/Src/main.o
 .debug_macro   0x00000faa       0x2e ./Core/Src/main.o
 .debug_macro   0x00000fd8       0x22 ./Core/Src/main.o
 .debug_macro   0x00000ffa       0x22 ./Core/Src/main.o
 .debug_macro   0x0000101c       0x8e ./Core/Src/main.o
 .debug_macro   0x000010aa       0x51 ./Core/Src/main.o
 .debug_macro   0x000010fb      0x103 ./Core/Src/main.o
 .debug_macro   0x000011fe       0x6a ./Core/Src/main.o
 .debug_macro   0x00001268      0x1df ./Core/Src/main.o
 .debug_macro   0x00001447       0x1c ./Core/Src/main.o
 .debug_macro   0x00001463       0x22 ./Core/Src/main.o
 .debug_macro   0x00001485       0xbd ./Core/Src/main.o
 .debug_macro   0x00001542      0xd23 ./Core/Src/main.o
 .debug_macro   0x00002265     0xe09e ./Core/Src/main.o
 .debug_macro   0x00010303       0x6d ./Core/Src/main.o
 .debug_macro   0x00010370     0x34a2 ./Core/Src/main.o
 .debug_macro   0x00013812      0x190 ./Core/Src/main.o
 .debug_macro   0x000139a2       0x5c ./Core/Src/main.o
 .debug_macro   0x000139fe      0x5bc ./Core/Src/main.o
 .debug_macro   0x00013fba      0x289 ./Core/Src/main.o
 .debug_macro   0x00014243      0x1cb ./Core/Src/main.o
 .debug_macro   0x0001440e      0x114 ./Core/Src/main.o
 .debug_macro   0x00014522      0x1b2 ./Core/Src/main.o
 .debug_macro   0x000146d4       0x27 ./Core/Src/main.o
 .debug_macro   0x000146fb      0x136 ./Core/Src/main.o
 .debug_macro   0x00014831      0x1bc ./Core/Src/main.o
 .debug_macro   0x000149ed       0x34 ./Core/Src/main.o
 .debug_macro   0x00014a21       0x3c ./Core/Src/main.o
 .debug_macro   0x00014a5d       0x57 ./Core/Src/main.o
 .debug_macro   0x00014ab4       0x87 ./Core/Src/main.o
 .debug_macro   0x00014b3b      0x240 ./Core/Src/main.o
 .debug_macro   0x00014d7b      0x140 ./Core/Src/main.o
 .debug_macro   0x00014ebb      0x28e ./Core/Src/main.o
 .debug_macro   0x00015149       0x83 ./Core/Src/main.o
 .debug_macro   0x000151cc       0x46 ./Core/Src/main.o
 .debug_macro   0x00015212       0x61 ./Core/Src/main.o
 .debug_macro   0x00015273       0x24 ./Core/Src/main.o
 .debug_macro   0x00015297       0x43 ./Core/Src/main.o
 .debug_macro   0x000152da       0x34 ./Core/Src/main.o
 .debug_macro   0x0001530e       0x16 ./Core/Src/main.o
 .debug_macro   0x00015324       0x3c ./Core/Src/main.o
 .debug_macro   0x00015360      0x370 ./Core/Src/main.o
 .debug_macro   0x000156d0       0x10 ./Core/Src/main.o
 .debug_macro   0x000156e0       0x16 ./Core/Src/main.o
 .debug_macro   0x000156f6       0x4a ./Core/Src/main.o
 .debug_macro   0x00015740       0x34 ./Core/Src/main.o
 .debug_macro   0x00015774       0x10 ./Core/Src/main.o
 .debug_macro   0x00015784       0x58 ./Core/Src/main.o
 .debug_macro   0x000157dc       0x8e ./Core/Src/main.o
 .debug_macro   0x0001586a       0x1c ./Core/Src/main.o
 .debug_macro   0x00015886      0x185 ./Core/Src/main.o
 .debug_macro   0x00015a0b       0x16 ./Core/Src/main.o
 .debug_macro   0x00015a21       0x16 ./Core/Src/main.o
 .debug_macro   0x00015a37      0x146 ./Core/Src/main.o
 .debug_macro   0x00015b7d       0x16 ./Core/Src/main.o
 .debug_macro   0x00015b93       0x20 ./Core/Src/main.o
 .debug_macro   0x00015bb3      0x19d ./Core/Src/stm32f1xx_hal_msp.o
 .debug_macro   0x00015d50      0x1a7 ./Core/Src/stm32f1xx_it.o
 .debug_macro   0x00015ef7      0x18e ./Core/Src/system_stm32f1xx.o
 .debug_macro   0x00016085      0x1b2 ./Drivers/STM32F1xx_HAL_Driver/Src/stm32f1xx_hal.o
 .debug_macro   0x00016237      0x18e ./Drivers/STM32F1xx_HAL_Driver/Src/stm32f1xx_hal_cortex.o
 .debug_macro   0x000163c5      0x18e ./Drivers/STM32F1xx_HAL_Driver/Src/stm32f1xx_hal_dma.o
 .debug_macro   0x00016553      0x1f9 ./Drivers/STM32F1xx_HAL_Driver/Src/stm32f1xx_hal_gpio.o
 .debug_macro   0x0001674c      0x1a0 ./Drivers/STM32F1xx_HAL_Driver/Src/stm32f1xx_hal_rcc.o
 .debug_macro   0x000168ec      0x18f ./Drivers/STM32F1xx_HAL_Driver/Src/stm32f1xx_hal_uart.o

.debug_line     0x00000000     0x82c0
 .debug_line    0x00000000      0xd4a ./Core/Src/main.o
 .debug_line    0x00000d4a      0x722 ./Core/Src/stm32f1xx_hal_msp.o
 .debug_line    0x0000146c      0x7aa ./Core/Src/stm32f1xx_it.o
 .debug_line    0x00001c16      0x74a ./Core/Src/system_stm32f1xx.o
 .debug_line    0x00002360       0x78 ./Core/Startup/startup_stm32f103rbtx.o
 .debug_line    0x000023d8      0x97b ./Drivers/STM32F1xx_HAL_Driver/Src/stm32f1xx_hal.o
 .debug_line    0x00002d53      0xb45 ./Drivers/STM32F1xx_HAL_Driver/Src/stm32f1xx_hal_cortex.o
 .debug_line    0x00003898      0xd85 ./Drivers/STM32F1xx_HAL_Driver/Src/stm32f1xx_hal_dma.o
 .debug_line    0x0000461d      0x9d8 ./Drivers/STM32F1xx_HAL_Driver/Src/stm32f1xx_hal_gpio.o
 .debug_line    0x00004ff5      0xe34 ./Drivers/STM32F1xx_HAL_Driver/Src/stm32f1xx_hal_rcc.o
 .debug_line    0x00005e29     0x2497 ./Drivers/STM32F1xx_HAL_Driver/Src/stm32f1xx_hal_uart.o

.debug_str      0x00000000    0x82135
 .debug_str     0x00000000    0x82135 ./Core/Src/main.o
                              0x81059 (size before relaxing)
 .debug_str     0x00082135    0x7d2b0 ./Core/Src/stm32f1xx_hal_msp.o
 .debug_str     0x00082135    0x7cf8e ./Core/Src/stm32f1xx_it.o
 .debug_str     0x00082135    0x7ca5b ./Core/Src/system_stm32f1xx.o
 .debug_str     0x00082135       0x86 ./Core/Startup/startup_stm32f103rbtx.o
 .debug_str     0x00082135    0x7d18e ./Drivers/STM32F1xx_HAL_Driver/Src/stm32f1xx_hal.o
 .debug_str     0x00082135    0x7d0da ./Drivers/STM32F1xx_HAL_Driver/Src/stm32f1xx_hal_cortex.o
 .debug_str     0x00082135    0x7ce04 ./Drivers/STM32F1xx_HAL_Driver/Src/stm32f1xx_hal_dma.o
 .debug_str     0x00082135    0x7cde1 ./Drivers/STM32F1xx_HAL_Driver/Src/stm32f1xx_hal_gpio.o
 .debug_str     0x00082135    0x7ce8a ./Drivers/STM32F1xx_HAL_Driver/Src/stm32f1xx_hal_rcc.o
 .debug_str     0x00082135    0x7d4fb ./Drivers/STM32F1xx_HAL_Driver/Src/stm32f1xx_hal_uart.o

.comment        0x00000000       0x43
 .comment       0x00000000       0x43 ./Core/Src/main.o
                                 0x44 (size before relaxing)
 .comment       0x00000043       0x44 ./Core/Src/stm32f1xx_hal_msp.o
 .comment       0x00000043       0x44 ./Core/Src/stm32f1xx_it.o
 .comment       0x00000043       0x44 ./Core/Src/system_stm32f1xx.o
 .comment       0x00000043       0x44 ./Drivers/STM32F1xx_HAL_Driver/Src/stm32f1xx_hal.o
 .comment       0x00000043       0x44 ./Drivers/STM32F1xx_HAL_Driver/Src/stm32f1xx_hal_cortex.o
 .comment       0x00000043       0x44 ./Drivers/STM32F1xx_HAL_Driver/Src/stm32f1xx_hal_dma.o
 .comment       0x00000043       0x44 ./Drivers/STM32F1xx_HAL_Driver/Src/stm32f1xx_hal_gpio.o
 .comment       0x00000043       0x44 ./Drivers/STM32F1xx_HAL_Driver/Src/stm32f1xx_hal_rcc.o
 .comment       0x00000043       0x44 ./Drivers/STM32F1xx_HAL_Driver/Src/stm32f1xx_hal_uart.o

.debug_frame    0x00000000     0x1ca0
 .debug_frame   0x00000000      0x38c ./Core/Src/main.o
 .debug_frame   0x0000038c       0x80 ./Core/Src/stm32f1xx_hal_msp.o
 .debug_frame   0x0000040c      0x13c ./Core/Src/stm32f1xx_it.o
 .debug_frame   0x00000548       0x58 ./Core/Src/system_stm32f1xx.o
 .debug_frame   0x000005a0      0x334 ./Drivers/STM32F1xx_HAL_Driver/Src/stm32f1xx_hal.o
 .debug_frame   0x000008d4      0x428 ./Drivers/STM32F1xx_HAL_Driver/Src/stm32f1xx_hal_cortex.o
 .debug_frame   0x00000cfc      0x208 ./Drivers/STM32F1xx_HAL_Driver/Src/stm32f1xx_hal_dma.o
 .debug_frame   0x00000f04      0x14c ./Drivers/STM32F1xx_HAL_Driver/Src/stm32f1xx_hal_gpio.o
 .debug_frame   0x00001050      0x218 ./Drivers/STM32F1xx_HAL_Driver/Src/stm32f1xx_hal_rcc.o
 .debug_frame   0x00001268      0x944 ./Drivers/STM32F1xx_HAL_Driver/Src/stm32f1xx_hal_uart.o
 .debug_frame   0x00001bac       0x20 C:/ST/STM32CubeIDE_1.19.0/STM32CubeIDE/plugins/com.st.stm32cube.ide.mcu.externaltools.gnu-tools-for-stm32.13.3.rel1.win32_1.0.0.202411081344/tools/bin/../lib/gcc/arm-none-eabi/13.3.1/../../../../arm-none-eabi/lib/thumb/v7-m/nofp\libc_nano.a(libc_a-memset.o)
 .debug_frame   0x00001bcc       0x2c C:/ST/STM32CubeIDE_1.19.0/STM32CubeIDE/plugins/com.st.stm32cube.ide.mcu.externaltools.gnu-tools-for-stm32.13.3.rel1.win32_1.0.0.202411081344/tools/bin/../lib/gcc/arm-none-eabi/13.3.1/../../../../arm-none-eabi/lib/thumb/v7-m/nofp\libc_nano.a(libc_a-init.o)
 .debug_frame   0x00001bf8       0x4c C:/ST/STM32CubeIDE_1.19.0/STM32CubeIDE/plugins/com.st.stm32cube.ide.mcu.externaltools.gnu-tools-for-stm32.13.3.rel1.win32_1.0.0.202411081344/tools/bin/../lib/gcc/arm-none-eabi/13.3.1/thumb/v7-m/nofp\libgcc.a(_arm_addsubsf3.o)
 .debug_frame   0x00001c44       0x38 C:/ST/STM32CubeIDE_1.19.0/STM32CubeIDE/plugins/com.st.stm32cube.ide.mcu.externaltools.gnu-tools-for-stm32.13.3.rel1.win32_1.0.0.202411081344/tools/bin/../lib/gcc/arm-none-eabi/13.3.1/thumb/v7-m/nofp\libgcc.a(_arm_muldivsf3.o)
 .debug_frame   0x00001c7c       0x24 C:/ST/STM32CubeIDE_1.19.0/STM32CubeIDE/plugins/com.st.stm32cube.ide.mcu.externaltools.gnu-tools-for-stm32.13.3.rel1.win32_1.0.0.202411081344/tools/bin/../lib/gcc/arm-none-eabi/13.3.1/thumb/v7-m/nofp\libgcc.a(_arm_fixunssfsi.o)

.debug_line_str
                0x00000000       0x6a
 .debug_line_str
                0x00000000       0x6a ./Core/Startup/startup_stm32f103rbtx.o
