Archive member included to satisfy reference by file (symbol)

C:/ST/STM32CubeIDE_1.19.0/STM32CubeIDE/plugins/com.st.stm32cube.ide.mcu.externaltools.gnu-tools-for-stm32.13.3.rel1.win32_1.0.0.202411081344/tools/bin/../lib/gcc/arm-none-eabi/13.3.1/../../../../arm-none-eabi/lib/thumb/v7e-m+fp/hard\libc_nano.a(libc_a-exit.o)
                              C:/ST/STM32CubeIDE_1.19.0/STM32CubeIDE/plugins/com.st.stm32cube.ide.mcu.externaltools.gnu-tools-for-stm32.13.3.rel1.win32_1.0.0.202411081344/tools/bin/../lib/gcc/arm-none-eabi/13.3.1/../../../../arm-none-eabi/lib/thumb/v7e-m+fp/hard/crt0.o (exit)
C:/ST/STM32CubeIDE_1.19.0/STM32CubeIDE/plugins/com.st.stm32cube.ide.mcu.externaltools.gnu-tools-for-stm32.13.3.rel1.win32_1.0.0.202411081344/tools/bin/../lib/gcc/arm-none-eabi/13.3.1/../../../../arm-none-eabi/lib/thumb/v7e-m+fp/hard\libc_nano.a(libc_a-findfp.o)
                              C:/ST/STM32CubeIDE_1.19.0/STM32CubeIDE/plugins/com.st.stm32cube.ide.mcu.externaltools.gnu-tools-for-stm32.13.3.rel1.win32_1.0.0.202411081344/tools/bin/../lib/gcc/arm-none-eabi/13.3.1/../../../../arm-none-eabi/lib/thumb/v7e-m+fp/hard\libc_nano.a(libc_a-exit.o) (__stdio_exit_handler)
C:/ST/STM32CubeIDE_1.19.0/STM32CubeIDE/plugins/com.st.stm32cube.ide.mcu.externaltools.gnu-tools-for-stm32.13.3.rel1.win32_1.0.0.202411081344/tools/bin/../lib/gcc/arm-none-eabi/13.3.1/../../../../arm-none-eabi/lib/thumb/v7e-m+fp/hard\libc_nano.a(libc_a-fwalk.o)
                              C:/ST/STM32CubeIDE_1.19.0/STM32CubeIDE/plugins/com.st.stm32cube.ide.mcu.externaltools.gnu-tools-for-stm32.13.3.rel1.win32_1.0.0.202411081344/tools/bin/../lib/gcc/arm-none-eabi/13.3.1/../../../../arm-none-eabi/lib/thumb/v7e-m+fp/hard\libc_nano.a(libc_a-findfp.o) (_fwalk_sglue)
C:/ST/STM32CubeIDE_1.19.0/STM32CubeIDE/plugins/com.st.stm32cube.ide.mcu.externaltools.gnu-tools-for-stm32.13.3.rel1.win32_1.0.0.202411081344/tools/bin/../lib/gcc/arm-none-eabi/13.3.1/../../../../arm-none-eabi/lib/thumb/v7e-m+fp/hard\libc_nano.a(libc_a-stdio.o)
                              C:/ST/STM32CubeIDE_1.19.0/STM32CubeIDE/plugins/com.st.stm32cube.ide.mcu.externaltools.gnu-tools-for-stm32.13.3.rel1.win32_1.0.0.202411081344/tools/bin/../lib/gcc/arm-none-eabi/13.3.1/../../../../arm-none-eabi/lib/thumb/v7e-m+fp/hard\libc_nano.a(libc_a-findfp.o) (__sread)
C:/ST/STM32CubeIDE_1.19.0/STM32CubeIDE/plugins/com.st.stm32cube.ide.mcu.externaltools.gnu-tools-for-stm32.13.3.rel1.win32_1.0.0.202411081344/tools/bin/../lib/gcc/arm-none-eabi/13.3.1/../../../../arm-none-eabi/lib/thumb/v7e-m+fp/hard\libc_nano.a(libc_a-memset.o)
                              C:/ST/STM32CubeIDE_1.19.0/STM32CubeIDE/plugins/com.st.stm32cube.ide.mcu.externaltools.gnu-tools-for-stm32.13.3.rel1.win32_1.0.0.202411081344/tools/bin/../lib/gcc/arm-none-eabi/13.3.1/../../../../arm-none-eabi/lib/thumb/v7e-m+fp/hard/crt0.o (memset)
C:/ST/STM32CubeIDE_1.19.0/STM32CubeIDE/plugins/com.st.stm32cube.ide.mcu.externaltools.gnu-tools-for-stm32.13.3.rel1.win32_1.0.0.202411081344/tools/bin/../lib/gcc/arm-none-eabi/13.3.1/../../../../arm-none-eabi/lib/thumb/v7e-m+fp/hard\libc_nano.a(libc_a-closer.o)
                              C:/ST/STM32CubeIDE_1.19.0/STM32CubeIDE/plugins/com.st.stm32cube.ide.mcu.externaltools.gnu-tools-for-stm32.13.3.rel1.win32_1.0.0.202411081344/tools/bin/../lib/gcc/arm-none-eabi/13.3.1/../../../../arm-none-eabi/lib/thumb/v7e-m+fp/hard\libc_nano.a(libc_a-stdio.o) (_close_r)
C:/ST/STM32CubeIDE_1.19.0/STM32CubeIDE/plugins/com.st.stm32cube.ide.mcu.externaltools.gnu-tools-for-stm32.13.3.rel1.win32_1.0.0.202411081344/tools/bin/../lib/gcc/arm-none-eabi/13.3.1/../../../../arm-none-eabi/lib/thumb/v7e-m+fp/hard\libc_nano.a(libc_a-reent.o)
                              C:/ST/STM32CubeIDE_1.19.0/STM32CubeIDE/plugins/com.st.stm32cube.ide.mcu.externaltools.gnu-tools-for-stm32.13.3.rel1.win32_1.0.0.202411081344/tools/bin/../lib/gcc/arm-none-eabi/13.3.1/../../../../arm-none-eabi/lib/thumb/v7e-m+fp/hard\libc_nano.a(libc_a-closer.o) (errno)
C:/ST/STM32CubeIDE_1.19.0/STM32CubeIDE/plugins/com.st.stm32cube.ide.mcu.externaltools.gnu-tools-for-stm32.13.3.rel1.win32_1.0.0.202411081344/tools/bin/../lib/gcc/arm-none-eabi/13.3.1/../../../../arm-none-eabi/lib/thumb/v7e-m+fp/hard\libc_nano.a(libc_a-impure.o)
                              C:/ST/STM32CubeIDE_1.19.0/STM32CubeIDE/plugins/com.st.stm32cube.ide.mcu.externaltools.gnu-tools-for-stm32.13.3.rel1.win32_1.0.0.202411081344/tools/bin/../lib/gcc/arm-none-eabi/13.3.1/../../../../arm-none-eabi/lib/thumb/v7e-m+fp/hard\libc_nano.a(libc_a-reent.o) (_impure_ptr)
C:/ST/STM32CubeIDE_1.19.0/STM32CubeIDE/plugins/com.st.stm32cube.ide.mcu.externaltools.gnu-tools-for-stm32.13.3.rel1.win32_1.0.0.202411081344/tools/bin/../lib/gcc/arm-none-eabi/13.3.1/../../../../arm-none-eabi/lib/thumb/v7e-m+fp/hard\libc_nano.a(libc_a-lseekr.o)
[...]
Memory Configuration

Name             Origin             Length             Attributes
RAM              0x20000000         0x00020000         xrw
FLASH            0x08000000         0x00080000         xr
*default*        0x00000000         0xffffffff

Linker script and memory map

LOAD C:/ST/STM32CubeIDE_1.19.0/STM32CubeIDE/plugins/com.st.stm32cube.ide.mcu.externaltools.gnu-tools-for-stm32.13.3.rel1.win32_1.0.0.202411081344/tools/bin/../lib/gcc/arm-none-eabi/13.3.1/thumb/v7e-m+fp/hard/crti.o
LOAD C:/ST/STM32CubeIDE_1.19.0/STM32CubeIDE/plugins/com.st.stm32cube.ide.mcu.externaltools.gnu-tools-for-stm32.13.3.rel1.win32_1.0.0.202411081344/tools/bin/../lib/gcc/arm-none-eabi/13.3.1/thumb/v7e-m+fp/hard/crtbegin.o
LOAD C:/ST/STM32CubeIDE_1.19.0/STM32CubeIDE/plugins/com.st.stm32cube.ide.mcu.externaltools.gnu-tools-for-stm32.13.3.rel1.win32_1.0.0.202411081344/tools/bin/../lib/gcc/arm-none-eabi/13.3.1/../../../../arm-none-eabi/lib/thumb/v7e-m+fp/hard/crt0.o
LOAD ./Core/Src/DWT_Delay.o
LOAD ./Core/Src/STEPPER.o
LOAD ./Core/Src/STEPPER_cfg.o
LOAD ./Core/Src/Timer_Delay.o
LOAD ./Core/Src/main.o
LOAD ./Core/Src/stm32f4xx_hal_msp.o
LOAD ./Core/Src/stm32f4xx_it.o
LOAD ./Core/Src/syscalls.o
LOAD ./Core/Src/sysmem.o
LOAD ./Core/Src/system_stm32f4xx.o
LOAD ./Core/Startup/startup_stm32f411retx.o
LOAD ./Drivers/STM32F4xx_HAL_Driver/Src/stm32f4xx_hal.o
LOAD ./Drivers/STM32F4xx_HAL_Driver/Src/stm32f4xx_hal_cortex.o
LOAD ./Drivers/STM32F4xx_HAL_Driver/Src/stm32f4xx_hal_dma.o
LOAD ./Drivers/STM32F4xx_HAL_Driver/Src/stm32f4xx_hal_dma_ex.o
LOAD ./Drivers/STM32F4xx_HAL_Driver/Src/stm32f4xx_hal_exti.o
LOAD ./Drivers/STM32F4xx_HAL_Driver/Src/stm32f4xx_hal_flash.o
LOAD ./Drivers/STM32F4xx_HAL_Driver/Src/stm32f4xx_hal_flash_ex.o
LOAD ./Drivers/STM32F4xx_HAL_Driver/Src/stm32f4xx_hal_flash_ramfunc.o
LOAD ./Drivers/STM32F4xx_HAL_Driver/Src/stm32f4xx_hal_gpio.o
LOAD ./Drivers/STM32F4xx_HAL_Driver/Src/stm32f4xx_hal_pwr.o
LOAD ./Drivers/STM32F4xx_HAL_Driver/Src/stm32f4xx_hal_pwr_ex.o
LOAD ./Drivers/STM32F4xx_HAL_Driver/Src/stm32f4xx_hal_rcc.o
LOAD ./Drivers/STM32F4xx_HAL_Driver/Src/stm32f4xx_hal_rcc_ex.o
LOAD ./Drivers/STM32F4xx_HAL_Driver/Src/stm32f4xx_hal_tim.o
LOAD ./Drivers/STM32F4xx_HAL_Driver/Src/stm32f4xx_hal_tim_ex.o
LOAD ./Drivers/STM32F4xx_HAL_Driver/Src/stm32f4xx_hal_uart.o
START GROUP
LOAD C:/ST/STM32CubeIDE_1.19.0/STM32CubeIDE/plugins/com.st.stm32cube.ide.mcu.externaltools.gnu-tools-for-stm32.13.3.rel1.win32_1.0.0.202411081344/tools/bin/../lib/gcc/arm-none-eabi/13.3.1/../../../../arm-none-eabi/lib/thumb/v7e-m+fp/hard\libc_nano.a
LOAD C:/ST/STM32CubeIDE_1.19.0/STM32CubeIDE/plugins/com.st.stm32cube.ide.mcu.externaltools.gnu-tools-for-stm32.13.3.rel1.win32_1.0.0.202411081344/tools/bin/../lib/gcc/arm-none-eabi/13.3.1/../../../../arm-none-eabi/lib/thumb/v7e-m+fp/hard\libm.a
END GROUP
START GROUP
LOAD C:/ST/STM32CubeIDE_1.19.0/STM32CubeIDE/plugins/com.st.stm32cube.ide.mcu.externaltools.gnu-tools-for-stm32.13.3.rel1.win32_1.0.0.202411081344/tools/bin/../lib/gcc/arm-none-eabi/13.3.1/thumb/v7e-m+fp/hard\libgcc.a
LOAD C:/ST/STM32CubeIDE_1.19.0/STM32CubeIDE/plugins/com.st.stm32cube.ide.mcu.externaltools.gnu-tools-for-stm32.13.3.rel1.win32_1.0.0.202411081344/tools/bin/../lib/gcc/arm-none-eabi/13.3.1/../../../../arm-none-eabi/lib/thumb/v7e-m+fp/hard\libc_nano.a
END GROUP
START GROUP
LOAD C:/ST/STM32CubeIDE_1.19.0/STM32CubeIDE/plugins/com.st.stm32cube.ide.mcu.externaltools.gnu-tools-for-stm32.13.3.rel1.win32_1.0.0.202411081344/tools/bin/../lib/gcc/arm-none-eabi/13.3.1/thumb/v7e-m+fp/hard\libgcc.a
LOAD C:/ST/STM32CubeIDE_1.19.0/STM32CubeIDE/plugins/com.st.stm32cube.ide.mcu.externaltools.gnu-tools-for-stm32.13.3.rel1.win32_1.0.0.202411081344/tools/bin/../lib/gcc/arm-none-eabi/13.3.1/../../../../arm-none-eabi/lib/thumb/v7e-m+fp/hard\libc_nano.a
LOAD C:/ST/STM32CubeIDE_1.19.0/STM32CubeIDE/plugins/com.st.stm32cube.ide.mcu.externaltools.gnu-tools-for-stm32.13.3.rel1.win32_1.0.0.202411081344/tools/bin/../lib/gcc/arm-none-eabi/13.3.1/../../../../arm-none-eabi/lib/thumb/v7e-m+fp/hard\libnosys.a
END GROUP
START GROUP
LOAD C:/ST/STM32CubeIDE_1.19.0/STM32CubeIDE/plugins/com.st.stm32cube.ide.mcu.externaltools.gnu-tools-for-stm32.13.3.rel1.win32_1.0.0.202411081344/tools/bin/../lib/gcc/arm-none-eabi/13.3.1/thumb/v7e-m+fp/hard\libgcc.a
LOAD C:/ST/STM32CubeIDE_1.19.0/STM32CubeIDE/plugins/com.st.stm32cube.ide.mcu.externaltools.gnu-tools-for-stm32.13.3.rel1.win32_1.0.0.202411081344/tools/bin/../lib/gcc/arm-none-eabi/13.3.1/../../../../arm-none-eabi/lib/thumb/v7e-m+fp/hard\libc_nano.a
LOAD C:/ST/STM32CubeIDE_1.19.0/STM32CubeIDE/plugins/com.st.stm32cube.ide.mcu.externaltools.gnu-tools-for-stm32.13.3.rel1.win32_1.0.0.202411081344/tools/bin/../lib/gcc/arm-none-eabi/13.3.1/../../../../arm-none-eabi/lib/thumb/v7e-m+fp/hard\libnosys.a
END GROUP
LOAD C:/ST/STM32CubeIDE_1.19.0/STM32CubeIDE/plugins/com.st.stm32cube.ide.mcu.externaltools.gnu-tools-for-stm32.13.3.rel1.win32_1.0.0.202411081344/tools/bin/../lib/gcc/arm-none-eabi/13.3.1/thumb/v7e-m+fp/hard/crtend.o
LOAD C:/ST/STM32CubeIDE_1.19.0/STM32CubeIDE/plugins/com.st.stm32cube.ide.mcu.externaltools.gnu-tools-for-stm32.13.3.rel1.win32_1.0.0.202411081344/tools/bin/../lib/gcc/arm-none-eabi/13.3.1/thumb/v7e-m+fp/hard/crtn.o
                0x20020000                        _estack = (ORIGIN (RAM) + LENGTH (RAM))
                0x00000200                        _Min_Heap_Size = 0x200
                0x00000400                        _Min_Stack_Size = 0x400

.isr_vector     0x08000000      0x198
                0x08000000                        . = ALIGN (0x4)
 *(.isr_vector)
 .isr_vector    0x08000000      0x198 ./Core/Startup/startup_stm32f411retx.o
                0x08000000                g_pfnVectors
                0x08000198                        . = ALIGN (0x4)

.text           0x08000198     0x5a50
                0x08000198                        . = ALIGN (0x4)
 *(.text)
 .text          0x08000198       0x40 C:/ST/STM32CubeIDE_1.19.0/STM32CubeIDE/plugins/com.st.stm32cube.ide.mcu.externaltools.gnu-tools-for-stm32.13.3.rel1.win32_1.0.0.202411081344/tools/bin/../lib/gcc/arm-none-eabi/13.3.1/thumb/v7e-m+fp/hard/crtbegin.o
 .text          0x080001d8      0x378 C:/ST/STM32CubeIDE_1.19.0/STM32CubeIDE/plugins/com.st.stm32cube.ide.mcu.externaltools.gnu-tools-for-stm32.13.3.rel1.win32_1.0.0.202411081344/tools/bin/../lib/gcc/arm-none-eabi/13.3.1/thumb/v7e-m+fp/hard\libgcc.a(_arm_addsubdf3.o)
                0x080001d8                __aeabi_drsub
                0x080001e0                __aeabi_dsub
                0x080001e0                __subdf3
                0x080001e4                __aeabi_dadd
                0x080001e4                __adddf3
                0x0800045c                __floatunsidf
                0x0800045c                __aeabi_ui2d
                0x0800047c                __floatsidf
                0x0800047c                __aeabi_i2d
                0x080004a0                __aeabi_f2d
                0x080004a0                __extendsfdf2
                0x080004e4                __floatundidf
                0x080004e4                __aeabi_ul2d
                0x080004f4                __floatdidf
                0x080004f4                __aeabi_l2d
 .text          0x08000550      0x424 C:/ST/STM32CubeIDE_1.19.0/STM32CubeIDE/plugins/com.st.stm32cube.ide.mcu.externaltools.gnu-tools-for-stm32.13.3.rel1.win32_1.0.0.202411081344/tools/bin/../lib/gcc/arm-none-eabi/13.3.1/thumb/v7e-m+fp/hard\libgcc.a(_arm_muldivdf3.o)
                0x08000550                __aeabi_dmul
                0x08000550                __muldf3
                0x080007a4                __divdf3
                0x080007a4                __aeabi_ddiv
 .text          0x08000974       0x50 C:/ST/STM32CubeIDE_1.19.0/STM32CubeIDE/plugins/com.st.stm32cube.ide.mcu.externaltools.gnu-tools-for-stm32.13.3.rel1.win32_1.0.0.202411081344/tools/bin/../lib/gcc/arm-none-eabi/13.3.1/thumb/v7e-m+fp/hard\libgcc.a(_arm_fixdfsi.o)
                0x08000974                __aeabi_d2iz
                0x08000974                __fixdfsi
 .text          0x080009c4       0x40 C:/ST/STM32CubeIDE_1.19.0/STM32CubeIDE/plugins/com.st.stm32cube.ide.mcu.externaltools.gnu-tools-for-stm32.13.3.rel1.win32_1.0.0.202411081344/tools/bin/../lib/gcc/arm-none-eabi/13.3.1/thumb/v7e-m+fp/hard\libgcc.a(_arm_fixunsdfsi.o)
                0x080009c4                __aeabi_d2uiz
                0x080009c4                __fixunsdfsi
 .text          0x08000a04       0x30 C:/ST/STM32CubeIDE_1.19.0/STM32CubeIDE/plugins/com.st.stm32cube.ide.mcu.externaltools.gnu-tools-for-stm32.13.3.rel1.win32_1.0.0.202411081344/tools/bin/../lib/gcc/arm-none-eabi/13.3.1/thumb/v7e-m+fp/hard\libgcc.a(_aeabi_uldivmod.o)
                0x08000a04                __aeabi_uldivmod
 .text          0x08000a34      0x2f8 C:/ST/STM32CubeIDE_1.19.0/STM32CubeIDE/plugins/com.st.stm32cube.ide.mcu.externaltools.gnu-tools-for-stm32.13.3.rel1.win32_1.0.0.202411081344/tools/bin/../lib/gcc/arm-none-eabi/13.3.1/thumb/v7e-m+fp/hard\libgcc.a(_udivmoddi4.o)
                0x08000a34                __udivmoddi4
 .text          0x08000d2c        0x4 C:/ST/STM32CubeIDE_1.19.0/STM32CubeIDE/plugins/com.st.stm32cube.ide.mcu.externaltools.gnu-tools-for-stm32.13.3.rel1.win32_1.0.0.202411081344/tools/bin/../lib/gcc/arm-none-eabi/13.3.1/thumb/v7e-m+fp/hard\libgcc.a(_dvmd_tls.o)
                0x08000d2c                __aeabi_idiv0
                0x08000d2c                __aeabi_ldiv0
 *(.text*)
 .text.DWT_Delay_Init
                0x08000d30       0x60 ./Core/Src/DWT_Delay.o
                0x08000d30                DWT_Delay_Init
 .text.STEPPERS_Init
                0x08000d90      0x270 ./Core/Src/STEPPER.o
                0x08000d90                STEPPERS_Init
 .text.STEPPERS_Init_TMR
                0x08001000       0x94 ./Core/Src/STEPPER.o
                0x08001000                STEPPERS_Init_TMR
 *fill*         0x08001094        0x4 
 .text.STEPPER_SetSpeed
                0x08001098       0xc0 ./Core/Src/STEPPER.o
                0x08001098                STEPPER_SetSpeed
 .text.STEPPER_One_Step
                0x08001158      0x4b4 ./Core/Src/STEPPER.o
 .text.STEPPER_Step_NonBlocking
                0x0800160c       0x58 ./Core/Src/STEPPER.o
                0x0800160c                STEPPER_Step_NonBlocking
 .text.STEPPER_TMR_OVF_ISR
                0x08001664       0xec ./Core/Src/STEPPER.o
                0x08001664                STEPPER_TMR_OVF_ISR
 .text.STEPPER_GET_STEP
                0x08001750       0x34 ./Core/Src/STEPPER.o
                0x08001750                STEPPER_GET_STEP
 .text.STEPPER_GET_DIR
                0x08001784       0x34 ./Core/Src/STEPPER.o
                0x08001784                STEPPER_GET_DIR
 .text.calculate_checksum
                0x080017b8       0x48 ./Core/Src/main.o
                0x080017b8                calculate_checksum
 .text.check_sum
                0x08001800       0x42 ./Core/Src/main.o
                0x08001800                check_sum
 *fill*         0x08001842        0x2 
 .text.map      0x08001844       0x74 ./Core/Src/main.o
                0x08001844                map
 .text.generate_message
                0x080018b8       0x5c ./Core/Src/main.o
                0x080018b8                generate_message
 .text.S_transmit_message
                0x08001914       0x60 ./Core/Src/main.o
                0x08001914                S_transmit_message
 .text.S_Step_RPM_Response
                0x08001974       0x80 ./Core/Src/main.o
                0x08001974                S_Step_RPM_Response
 .text.S_Step_remaining_steps_Response
                0x080019f4       0x50 ./Core/Src/main.o
                0x080019f4                S_Step_remaining_steps_Response
 .text.S_Step_direction_Response
                0x08001a44       0x44 ./Core/Src/main.o
                0x08001a44                S_Step_direction_Response
 .text.S_Servo1_angle_Response
                0x08001a88       0x44 ./Core/Src/main.o
                0x08001a88                S_Servo1_angle_Response
 .text.S_Servo2_angle_Response
                0x08001acc       0x44 ./Core/Src/main.o
                0x08001acc                S_Servo2_angle_Response
 .text.main     0x08001b10       0x64 ./Core/Src/main.o
                0x08001b10                main
 .text.SystemClock_Config
                0x08001b74       0xd4 ./Core/Src/main.o
                0x08001b74                SystemClock_Config
 .text.MX_TIM1_Init
                0x08001c48      0x13c ./Core/Src/main.o
 .text.MX_TIM2_Init
                0x08001d84       0xec ./Core/Src/main.o
 .text.MX_TIM3_Init
                0x08001e70       0x9c ./Core/Src/main.o
 .text.MX_USART2_UART_Init
                0x08001f0c       0x54 ./Core/Src/main.o
 .text.MX_USART6_UART_Init
                0x08001f60       0x54 ./Core/Src/main.o
 .text.MX_GPIO_Init
                0x08001fb4      0x130 ./Core/Src/main.o
 *fill*         0x080020e4        0x4 
 .text.HAL_UARTEx_RxEventCallback
                0x080020e8      0x584 ./Core/Src/main.o
                0x080020e8                HAL_UARTEx_RxEventCallback
 .text.HAL_UART_TxCpltCallback
                0x0800266c       0x2c ./Core/Src/main.o
                0x0800266c                HAL_UART_TxCpltCallback
 .text.HAL_TIM_PeriodElapsedCallback
                0x08002698       0x28 ./Core/Src/main.o
                0x08002698                HAL_TIM_PeriodElapsedCallback
 .text.Error_Handler
                0x080026c0        0xc ./Core/Src/main.o
                0x080026c0                Error_Handler
 .text.HAL_MspInit
                0x080026cc       0x50 ./Core/Src/stm32f4xx_hal_msp.o
                0x080026cc                HAL_MspInit
 .text.HAL_TIM_Base_MspInit
                0x0800271c       0xa4 ./Core/Src/stm32f4xx_hal_msp.o
                0x0800271c                HAL_TIM_Base_MspInit
 .text.HAL_TIM_MspPostInit
                0x080027c0       0xbc ./Core/Src/stm32f4xx_hal_msp.o
                0x080027c0                HAL_TIM_MspPostInit
 .text.HAL_UART_MspInit
                0x0800287c      0x10c ./Core/Src/stm32f4xx_hal_msp.o
                0x0800287c                HAL_UART_MspInit
 .text.NMI_Handler
                0x08002988        0x8 ./Core/Src/stm32f4xx_it.o
                0x08002988                NMI_Handler
 .text.HardFault_Handler
                0x08002990        0x8 ./Core/Src/stm32f4xx_it.o
                0x08002990                HardFault_Handler
 .text.MemManage_Handler
                0x08002998        0x8 ./Core/Src/stm32f4xx_it.o
                0x08002998                MemManage_Handler
 .text.BusFault_Handler
                0x080029a0        0x8 ./Core/Src/stm32f4xx_it.o
                0x080029a0                BusFault_Handler
 .text.UsageFault_Handler
                0x080029a8        0x8 ./Core/Src/stm32f4xx_it.o
                0x080029a8                UsageFault_Handler
 .text.SVC_Handler
                0x080029b0        0xe ./Core/Src/stm32f4xx_it.o
                0x080029b0                SVC_Handler
 .text.DebugMon_Handler
                0x080029be        0xe ./Core/Src/stm32f4xx_it.o
                0x080029be                DebugMon_Handler
 .text.PendSV_Handler
                0x080029cc        0xe ./Core/Src/stm32f4xx_it.o
                0x080029cc                PendSV_Handler
 .text.SysTick_Handler
                0x080029da        0xc ./Core/Src/stm32f4xx_it.o
                0x080029da                SysTick_Handler
 *fill*         0x080029e6        0x2 
 .text.TIM3_IRQHandler
                0x080029e8       0x14 ./Core/Src/stm32f4xx_it.o
                0x080029e8                TIM3_IRQHandler
 .text.USART6_IRQHandler
                0x080029fc       0x14 ./Core/Src/stm32f4xx_it.o
                0x080029fc                USART6_IRQHandler
 .text.SystemInit
                0x08002a10       0x24 ./Core/Src/system_stm32f4xx.o
                0x08002a10                SystemInit
 .text.Reset_Handler
                0x08002a34       0x50 ./Core/Startup/startup_stm32f411retx.o
                0x08002a34                Reset_Handler
 .text.Default_Handler
                0x08002a84        0x2 ./Core/Startup/startup_stm32f411retx.o
                0x08002a84                RTC_Alarm_IRQHandler
                0x08002a84                EXTI2_IRQHandler
                0x08002a84                SPI4_IRQHandler
                0x08002a84                TIM1_CC_IRQHandler
                0x08002a84                DMA2_Stream5_IRQHandler
                0x08002a84                DMA1_Stream5_IRQHandler
                0x08002a84                PVD_IRQHandler
                0x08002a84                SDIO_IRQHandler
                0x08002a84                TAMP_STAMP_IRQHandler
                0x08002a84                EXTI3_IRQHandler
                0x08002a84                TIM1_UP_TIM10_IRQHandler
                0x08002a84                I2C3_ER_IRQHandler
                0x08002a84                EXTI0_IRQHandler
                0x08002a84                I2C2_EV_IRQHandler
                0x08002a84                DMA1_Stream2_IRQHandler
                0x08002a84                FPU_IRQHandler
                0x08002a84                DMA2_Stream2_IRQHandler
                0x08002a84                SPI1_IRQHandler
                0x08002a84                TIM1_BRK_TIM9_IRQHandler
                0x08002a84                DMA2_Stream3_IRQHandler
                0x08002a84                DMA2_Stream0_IRQHandler
                0x08002a84                TIM4_IRQHandler
                0x08002a84                I2C1_EV_IRQHandler
                0x08002a84                DMA1_Stream6_IRQHandler
                0x08002a84                DMA1_Stream1_IRQHandler
                0x08002a84                RCC_IRQHandler
                0x08002a84                Default_Handler
                0x08002a84                EXTI15_10_IRQHandler
                0x08002a84                ADC_IRQHandler
                0x08002a84                DMA1_Stream7_IRQHandler
                0x08002a84                SPI5_IRQHandler
                0x08002a84                TIM5_IRQHandler
                0x08002a84                DMA2_Stream7_IRQHandler
                0x08002a84                I2C3_EV_IRQHandler
                0x08002a84                EXTI9_5_IRQHandler
                0x08002a84                RTC_WKUP_IRQHandler
                0x08002a84                SPI2_IRQHandler
                0x08002a84                DMA1_Stream0_IRQHandler
                0x08002a84                EXTI4_IRQHandler
                0x08002a84                WWDG_IRQHandler
                0x08002a84                TIM2_IRQHandler
                0x08002a84                OTG_FS_WKUP_IRQHandler
                0x08002a84                TIM1_TRG_COM_TIM11_IRQHandler
                0x08002a84                EXTI1_IRQHandler
                0x08002a84                USART2_IRQHandler
                0x08002a84                I2C2_ER_IRQHandler
                0x08002a84                DMA2_Stream1_IRQHandler
                0x08002a84                FLASH_IRQHandler
                0x08002a84                DMA2_Stream4_IRQHandler
                0x08002a84                USART1_IRQHandler
                0x08002a84                OTG_FS_IRQHandler
                0x08002a84                SPI3_IRQHandler
                0x08002a84                DMA1_Stream4_IRQHandler
                0x08002a84                I2C1_ER_IRQHandler
                0x08002a84                DMA2_Stream6_IRQHandler
                0x08002a84                DMA1_Stream3_IRQHandler
 *fill*         0x08002a86        0x2 
 .text.HAL_Init
                0x08002a88       0x44 ./Drivers/STM32F4xx_HAL_Driver/Src/stm32f4xx_hal.o
                0x08002a88                HAL_Init
 .text.HAL_InitTick
                0x08002acc       0x60 ./Drivers/STM32F4xx_HAL_Driver/Src/stm32f4xx_hal.o
                0x08002acc                HAL_InitTick
 .text.HAL_IncTick
                0x08002b2c       0x28 ./Drivers/STM32F4xx_HAL_Driver/Src/stm32f4xx_hal.o
                0x08002b2c                HAL_IncTick
 .text.HAL_GetTick
                0x08002b54       0x18 ./Drivers/STM32F4xx_HAL_Driver/Src/stm32f4xx_hal.o
                0x08002b54                HAL_GetTick
 .text.HAL_Delay
                0x08002b6c       0x48 ./Drivers/STM32F4xx_HAL_Driver/Src/stm32f4xx_hal.o
                0x08002b6c                HAL_Delay
 .text.__NVIC_SetPriorityGrouping
                0x08002bb4       0x48 ./Drivers/STM32F4xx_HAL_Driver/Src/stm32f4xx_hal_cortex.o
 .text.__NVIC_GetPriorityGrouping
                0x08002bfc       0x1c ./Drivers/STM32F4xx_HAL_Driver/Src/stm32f4xx_hal_cortex.o
 .text.__NVIC_EnableIRQ
                0x08002c18       0x3c ./Drivers/STM32F4xx_HAL_Driver/Src/stm32f4xx_hal_cortex.o
 .text.__NVIC_SetPriority
                0x08002c54       0x54 ./Drivers/STM32F4xx_HAL_Driver/Src/stm32f4xx_hal_cortex.o
 .text.NVIC_EncodePriority
                0x08002ca8       0x66 ./Drivers/STM32F4xx_HAL_Driver/Src/stm32f4xx_hal_cortex.o
 *fill*         0x08002d0e        0x2 
 .text.SysTick_Config
                0x08002d10       0x44 ./Drivers/STM32F4xx_HAL_Driver/Src/stm32f4xx_hal_cortex.o
 .text.HAL_NVIC_SetPriorityGrouping
                0x08002d54       0x16 ./Drivers/STM32F4xx_HAL_Driver/Src/stm32f4xx_hal_cortex.o
                0x08002d54                HAL_NVIC_SetPriorityGrouping
 .text.HAL_NVIC_SetPriority
                0x08002d6a       0x38 ./Drivers/STM32F4xx_HAL_Driver/Src/stm32f4xx_hal_cortex.o
                0x08002d6a                HAL_NVIC_SetPriority
 .text.HAL_NVIC_EnableIRQ
                0x08002da2       0x1c ./Drivers/STM32F4xx_HAL_Driver/Src/stm32f4xx_hal_cortex.o
                0x08002da2                HAL_NVIC_EnableIRQ
 .text.HAL_SYSTICK_Config
                0x08002dbe       0x18 ./Drivers/STM32F4xx_HAL_Driver/Src/stm32f4xx_hal_cortex.o
                0x08002dbe                HAL_SYSTICK_Config
 .text.HAL_DMA_Abort
                0x08002dd6       0xe0 ./Drivers/STM32F4xx_HAL_Driver/Src/stm32f4xx_hal_dma.o
                0x08002dd6                HAL_DMA_Abort
 .text.HAL_DMA_Abort_IT
                0x08002eb6       0x44 ./Drivers/STM32F4xx_HAL_Driver/Src/stm32f4xx_hal_dma.o
                0x08002eb6                HAL_DMA_Abort_IT
 *fill*         0x08002efa        0x2 
 .text.HAL_GPIO_Init
                0x08002efc      0x308 ./Drivers/STM32F4xx_HAL_Driver/Src/stm32f4xx_hal_gpio.o
                0x08002efc                HAL_GPIO_Init
 .text.HAL_GPIO_WritePin
                0x08003204       0x32 ./Drivers/STM32F4xx_HAL_Driver/Src/stm32f4xx_hal_gpio.o
                0x08003204                HAL_GPIO_WritePin
 .text.HAL_GPIO_TogglePin
                0x08003236       0x34 ./Drivers/STM32F4xx_HAL_Driver/Src/stm32f4xx_hal_gpio.o
                0x08003236                HAL_GPIO_TogglePin
 *fill*         0x0800326a        0x2 
 .text.HAL_RCC_OscConfig
                0x0800326c      0x4f0 ./Drivers/STM32F4xx_HAL_Driver/Src/stm32f4xx_hal_rcc.o
                0x0800326c                HAL_RCC_OscConfig
 .text.HAL_RCC_ClockConfig
                0x0800375c      0x1cc ./Drivers/STM32F4xx_HAL_Driver/Src/stm32f4xx_hal_rcc.o
                0x0800375c                HAL_RCC_ClockConfig
 .text.HAL_RCC_GetSysClockFreq
                0x08003928      0x20c ./Drivers/STM32F4xx_HAL_Driver/Src/stm32f4xx_hal_rcc.o
                0x08003928                HAL_RCC_GetSysClockFreq
 .text.HAL_RCC_GetHCLKFreq
                0x08003b34       0x18 ./Drivers/STM32F4xx_HAL_Driver/Src/stm32f4xx_hal_rcc.o
                0x08003b34                HAL_RCC_GetHCLKFreq
 .text.HAL_RCC_GetPCLK1Freq
                0x08003b4c       0x28 ./Drivers/STM32F4xx_HAL_Driver/Src/stm32f4xx_hal_rcc.o
                0x08003b4c                HAL_RCC_GetPCLK1Freq
 .text.HAL_RCC_GetPCLK2Freq
                0x08003b74       0x28 ./Drivers/STM32F4xx_HAL_Driver/Src/stm32f4xx_hal_rcc.o
                0x08003b74                HAL_RCC_GetPCLK2Freq
 .text.HAL_TIM_Base_Init
                0x08003b9c       0x9e ./Drivers/STM32F4xx_HAL_Driver/Src/stm32f4xx_hal_tim.o
                0x08003b9c                HAL_TIM_Base_Init
 *fill*         0x08003c3a        0x2 
 .text.HAL_TIM_Base_Start_IT
                0x08003c3c       0xc4 ./Drivers/STM32F4xx_HAL_Driver/Src/stm32f4xx_hal_tim.o
                0x08003c3c                HAL_TIM_Base_Start_IT
 .text.HAL_TIM_PWM_Init
                0x08003d00       0x9e ./Drivers/STM32F4xx_HAL_Driver/Src/stm32f4xx_hal_tim.o
                0x08003d00                HAL_TIM_PWM_Init
 .text.HAL_TIM_PWM_MspInit
                0x08003d9e       0x14 ./Drivers/STM32F4xx_HAL_Driver/Src/stm32f4xx_hal_tim.o
                0x08003d9e                HAL_TIM_PWM_MspInit
 *fill*         0x08003db2        0x2 
 .text.HAL_TIM_PWM_Start
                0x08003db4      0x160 ./Drivers/STM32F4xx_HAL_Driver/Src/stm32f4xx_hal_tim.o
                0x08003db4                HAL_TIM_PWM_Start
 .text.HAL_TIM_IRQHandler
                0x08003f14      0x1e0 ./Drivers/STM32F4xx_HAL_Driver/Src/stm32f4xx_hal_tim.o
                0x08003f14                HAL_TIM_IRQHandler
 .text.HAL_TIM_PWM_ConfigChannel
                0x080040f4      0x184 ./Drivers/STM32F4xx_HAL_Driver/Src/stm32f4xx_hal_tim.o
                0x080040f4                HAL_TIM_PWM_ConfigChannel
 .text.HAL_TIM_ConfigClockSource
                0x08004278      0x18e ./Drivers/STM32F4xx_HAL_Driver/Src/stm32f4xx_hal_tim.o
                0x08004278                HAL_TIM_ConfigClockSource
 .text.HAL_TIM_OC_DelayElapsedCallback
                0x08004406       0x14 ./Drivers/STM32F4xx_HAL_Driver/Src/stm32f4xx_hal_tim.o
                0x08004406                HAL_TIM_OC_DelayElapsedCallback
 .text.HAL_TIM_IC_CaptureCallback
                0x0800441a       0x14 ./Drivers/STM32F4xx_HAL_Driver/Src/stm32f4xx_hal_tim.o
                0x0800441a                HAL_TIM_IC_CaptureCallback
 .text.HAL_TIM_PWM_PulseFinishedCallback
                0x0800442e       0x14 ./Drivers/STM32F4xx_HAL_Driver/Src/stm32f4xx_hal_tim.o
                0x0800442e                HAL_TIM_PWM_PulseFinishedCallback
 .text.HAL_TIM_TriggerCallback
                0x08004442       0x14 ./Drivers/STM32F4xx_HAL_Driver/Src/stm32f4xx_hal_tim.o
                0x08004442                HAL_TIM_TriggerCallback
 *fill*         0x08004456        0x2 
 .text.TIM_Base_SetConfig
                0x08004458      0x10c ./Drivers/STM32F4xx_HAL_Driver/Src/stm32f4xx_hal_tim.o
                0x08004458                TIM_Base_SetConfig
 .text.TIM_OC1_SetConfig
                0x08004564       0xcc ./Drivers/STM32F4xx_HAL_Driver/Src/stm32f4xx_hal_tim.o
 .text.TIM_OC2_SetConfig
                0x08004630       0xd8 ./Drivers/STM32F4xx_HAL_Driver/Src/stm32f4xx_hal_tim.o
                0x08004630                TIM_OC2_SetConfig
 .text.TIM_OC3_SetConfig
                0x08004708       0xd4 ./Drivers/STM32F4xx_HAL_Driver/Src/stm32f4xx_hal_tim.o
 .text.TIM_OC4_SetConfig
                0x080047dc       0xa0 ./Drivers/STM32F4xx_HAL_Driver/Src/stm32f4xx_hal_tim.o
 .text.TIM_TI1_ConfigInputStage
                0x0800487c       0x5e ./Drivers/STM32F4xx_HAL_Driver/Src/stm32f4xx_hal_tim.o
 .text.TIM_TI2_ConfigInputStage
                0x080048da       0x60 ./Drivers/STM32F4xx_HAL_Driver/Src/stm32f4xx_hal_tim.o
 .text.TIM_ITRx_SetConfig
                0x0800493a       0x36 ./Drivers/STM32F4xx_HAL_Driver/Src/stm32f4xx_hal_tim.o
 .text.TIM_ETR_SetConfig
                0x08004970       0x40 ./Drivers/STM32F4xx_HAL_Driver/Src/stm32f4xx_hal_tim.o
                0x08004970                TIM_ETR_SetConfig
 .text.TIM_CCxChannelCmd
                0x080049b0       0x4a ./Drivers/STM32F4xx_HAL_Driver/Src/stm32f4xx_hal_tim.o
                0x080049b0                TIM_CCxChannelCmd
 *fill*         0x080049fa        0x2 
 .text.HAL_TIMEx_MasterConfigSynchronization
                0x080049fc       0xdc ./Drivers/STM32F4xx_HAL_Driver/Src/stm32f4xx_hal_tim_ex.o
                0x080049fc                HAL_TIMEx_MasterConfigSynchronization
 .text.HAL_TIMEx_ConfigBreakDeadTime
                0x08004ad8       0xa4 ./Drivers/STM32F4xx_HAL_Driver/Src/stm32f4xx_hal_tim_ex.o
                0x08004ad8                HAL_TIMEx_ConfigBreakDeadTime
 .text.HAL_TIMEx_CommutCallback
                0x08004b7c       0x14 ./Drivers/STM32F4xx_HAL_Driver/Src/stm32f4xx_hal_tim_ex.o
                0x08004b7c                HAL_TIMEx_CommutCallback
 .text.HAL_TIMEx_BreakCallback
                0x08004b90       0x14 ./Drivers/STM32F4xx_HAL_Driver/Src/stm32f4xx_hal_tim_ex.o
                0x08004b90                HAL_TIMEx_BreakCallback
 .text.HAL_UART_Init
                0x08004ba4       0xa0 ./Drivers/STM32F4xx_HAL_Driver/Src/stm32f4xx_hal_uart.o
                0x08004ba4                HAL_UART_Init
 .text.HAL_UART_Transmit_IT
                0x08004c44       0x6c ./Drivers/STM32F4xx_HAL_Driver/Src/stm32f4xx_hal_uart.o
                0x08004c44                HAL_UART_Transmit_IT
 .text.HAL_UARTEx_ReceiveToIdle_IT
                0x08004cb0       0xba ./Drivers/STM32F4xx_HAL_Driver/Src/stm32f4xx_hal_uart.o
                0x08004cb0                HAL_UARTEx_ReceiveToIdle_IT
 *fill*         0x08004d6a        0x2 
 .text.HAL_UART_IRQHandler
                0x08004d6c      0x554 ./Drivers/STM32F4xx_HAL_Driver/Src/stm32f4xx_hal_uart.o
                0x08004d6c                HAL_UART_IRQHandler
 .text.HAL_UART_RxCpltCallback
                0x080052c0       0x14 ./Drivers/STM32F4xx_HAL_Driver/Src/stm32f4xx_hal_uart.o
                0x080052c0                HAL_UART_RxCpltCallback
 .text.HAL_UART_ErrorCallback
                0x080052d4       0x14 ./Drivers/STM32F4xx_HAL_Driver/Src/stm32f4xx_hal_uart.o
                0x080052d4                HAL_UART_ErrorCallback
 .text.UART_Start_Receive_IT
                0x080052e8       0x74 ./Drivers/STM32F4xx_HAL_Driver/Src/stm32f4xx_hal_uart.o
                0x080052e8                UART_Start_Receive_IT
 .text.UART_EndRxTransfer
                0x0800535c       0xc6 ./Drivers/STM32F4xx_HAL_Driver/Src/stm32f4xx_hal_uart.o
 .text.UART_DMAAbortOnError
                0x08005422       0x22 ./Drivers/STM32F4xx_HAL_Driver/Src/stm32f4xx_hal_uart.o
 .text.UART_Transmit_IT
                0x08005444       0xa0 ./Drivers/STM32F4xx_HAL_Driver/Src/stm32f4xx_hal_uart.o
 .text.UART_EndTransmit_IT
                0x080054e4       0x30 ./Drivers/STM32F4xx_HAL_Driver/Src/stm32f4xx_hal_uart.o
 .text.UART_Receive_IT
                0x08005514      0x17c ./Drivers/STM32F4xx_HAL_Driver/Src/stm32f4xx_hal_uart.o
 .text.UART_SetConfig
                0x08005690      0x4e8 ./Drivers/STM32F4xx_HAL_Driver/Src/stm32f4xx_hal_uart.o
 .text.memset   0x08005b78       0x10 C:/ST/STM32CubeIDE_1.19.0/STM32CubeIDE/plugins/com.st.stm32cube.ide.mcu.externaltools.gnu-tools-for-stm32.13.3.rel1.win32_1.0.0.202411081344/tools/bin/../lib/gcc/arm-none-eabi/13.3.1/../../../../arm-none-eabi/lib/thumb/v7e-m+fp/hard\libc_nano.a(libc_a-memset.o)
                0x08005b78                memset
 .text.__libc_init_array
                0x08005b88       0x48 C:/ST/STM32CubeIDE_1.19.0/STM32CubeIDE/plugins/com.st.stm32cube.ide.mcu.externaltools.gnu-tools-for-stm32.13.3.rel1.win32_1.0.0.202411081344/tools/bin/../lib/gcc/arm-none-eabi/13.3.1/../../../../arm-none-eabi/lib/thumb/v7e-m+fp/hard\libc_nano.a(libc_a-init.o)
                0x08005b88                __libc_init_array
 *(.glue_7)
 .glue_7        0x08005bd0        0x0 linker stubs
 *(.glue_7t)
 .glue_7t       0x08005bd0        0x0 linker stubs
 *(.eh_frame)
 .eh_frame      0x08005bd0        0x0 C:/ST/STM32CubeIDE_1.19.0/STM32CubeIDE/plugins/com.st.stm32cube.ide.mcu.externaltools.gnu-tools-for-stm32.13.3.rel1.win32_1.0.0.202411081344/tools/bin/../lib/gcc/arm-none-eabi/13.3.1/thumb/v7e-m+fp/hard/crtbegin.o
 *(.init)
 .init          0x08005bd0        0x4 C:/ST/STM32CubeIDE_1.19.0/STM32CubeIDE/plugins/com.st.stm32cube.ide.mcu.externaltools.gnu-tools-for-stm32.13.3.rel1.win32_1.0.0.202411081344/tools/bin/../lib/gcc/arm-none-eabi/13.3.1/thumb/v7e-m+fp/hard/crti.o
                0x08005bd0                _init
 .init          0x08005bd4        0x8 C:/ST/STM32CubeIDE_1.19.0/STM32CubeIDE/plugins/com.st.stm32cube.ide.mcu.externaltools.gnu-tools-for-stm32.13.3.rel1.win32_1.0.0.202411081344/tools/bin/../lib/gcc/arm-none-eabi/13.3.1/thumb/v7e-m+fp/hard/crtn.o
 *(.fini)
 .fini          0x08005bdc        0x4 C:/ST/STM32CubeIDE_1.19.0/STM32CubeIDE/plugins/com.st.stm32cube.ide.mcu.externaltools.gnu-tools-for-stm32.13.3.rel1.win32_1.0.0.202411081344/tools/bin/../lib/gcc/arm-none-eabi/13.3.1/thumb/v7e-m+fp/hard/crti.o
                0x08005bdc                _fini
 .fini          0x08005be0        0x8 C:/ST/STM32CubeIDE_1.19.0/STM32CubeIDE/plugins/com.st.stm32cube.ide.mcu.externaltools.gnu-tools-for-stm32.13.3.rel1.win32_1.0.0.202411081344/tools/bin/../lib/gcc/arm-none-eabi/13.3.1/thumb/v7e-m+fp/hard/crtn.o
                0x08005be8                        . = ALIGN (0x4)
                0x08005be8                        _etext = .

.vfp11_veneer   0x08005be8        0x0
 .vfp11_veneer  0x08005be8        0x0 linker stubs

.v4_bx          0x08005be8        0x0
 .v4_bx         0x08005be8        0x0 linker stubs

.iplt           0x08005be8        0x0
 .iplt          0x08005be8        0x0 C:/ST/STM32CubeIDE_1.19.0/STM32CubeIDE/plugins/com.st.stm32cube.ide.mcu.externaltools.gnu-tools-for-stm32.13.3.rel1.win32_1.0.0.202411081344/tools/bin/../lib/gcc/arm-none-eabi/13.3.1/thumb/v7e-m+fp/hard/crtbegin.o

.rodata         0x08005be8       0x34
                0x08005be8                        . = ALIGN (0x4)
 *(.rodata)
 *(.rodata*)
 .rodata.STEPPER_CfgParam
                0x08005be8       0x1c ./Core/Src/STEPPER_cfg.o
                0x08005be8                STEPPER_CfgParam
 .rodata.AHBPrescTable
                0x08005c04       0x10 ./Core/Src/system_stm32f4xx.o
                0x08005c04                AHBPrescTable
 .rodata.APBPrescTable
                0x08005c14        0x8 ./Core/Src/system_stm32f4xx.o
                0x08005c14                APBPrescTable
                0x08005c1c                        . = ALIGN (0x4)

.ARM.extab      0x08005c1c        0x0
                0x08005c1c                        . = ALIGN (0x4)
 *(.ARM.extab* .gnu.linkonce.armextab.*)
                0x08005c1c                        . = ALIGN (0x4)

.ARM            0x08005c1c        0x8
                0x08005c1c                        . = ALIGN (0x4)
                0x08005c1c                        __exidx_start = .
 *(.ARM.exidx*)
 .ARM.exidx     0x08005c1c        0x8 C:/ST/STM32CubeIDE_1.19.0/STM32CubeIDE/plugins/com.st.stm32cube.ide.mcu.externaltools.gnu-tools-for-stm32.13.3.rel1.win32_1.0.0.202411081344/tools/bin/../lib/gcc/arm-none-eabi/13.3.1/thumb/v7e-m+fp/hard\libgcc.a(_udivmoddi4.o)
                0x08005c24                        __exidx_end = .
                0x08005c24                        . = ALIGN (0x4)

.preinit_array  0x08005c24        0x0
                0x08005c24                        . = ALIGN (0x4)
                0x08005c24                        PROVIDE (__preinit_array_start = .)
 *(.preinit_array*)
                0x08005c24                        PROVIDE (__preinit_array_end = .)
                0x08005c24                        . = ALIGN (0x4)

.init_array     0x08005c24        0x4
                0x08005c24                        . = ALIGN (0x4)
                0x08005c24                        PROVIDE (__init_array_start = .)
 *(SORT_BY_NAME(.init_array.*))
 *(.init_array*)
 .init_array    0x08005c24        0x4 C:/ST/STM32CubeIDE_1.19.0/STM32CubeIDE/plugins/com.st.stm32cube.ide.mcu.externaltools.gnu-tools-for-stm32.13.3.rel1.win32_1.0.0.202411081344/tools/bin/../lib/gcc/arm-none-eabi/13.3.1/thumb/v7e-m+fp/hard/crtbegin.o
                0x08005c28                        PROVIDE (__init_array_end = .)
                0x08005c28                        . = ALIGN (0x4)

.fini_array     0x08005c28        0x4
                0x08005c28                        . = ALIGN (0x4)
                [!provide]                        PROVIDE (__fini_array_start = .)
 *(SORT_BY_NAME(.fini_array.*))
 *(.fini_array*)
 .fini_array    0x08005c28        0x4 C:/ST/STM32CubeIDE_1.19.0/STM32CubeIDE/plugins/com.st.stm32cube.ide.mcu.externaltools.gnu-tools-for-stm32.13.3.rel1.win32_1.0.0.202411081344/tools/bin/../lib/gcc/arm-none-eabi/13.3.1/thumb/v7e-m+fp/hard/crtbegin.o
                [!provide]                        PROVIDE (__fini_array_end = .)
                0x08005c2c                        . = ALIGN (0x4)
                0x08005c2c                        _sidata = LOADADDR (.data)

.rel.dyn        0x08005c2c        0x0
 .rel.iplt      0x08005c2c        0x0 C:/ST/STM32CubeIDE_1.19.0/STM32CubeIDE/plugins/com.st.stm32cube.ide.mcu.externaltools.gnu-tools-for-stm32.13.3.rel1.win32_1.0.0.202411081344/tools/bin/../lib/gcc/arm-none-eabi/13.3.1/thumb/v7e-m+fp/hard/crtbegin.o

.data           0x20000000       0x4c load address 0x08005c2c
                0x20000000                        . = ALIGN (0x4)
                0x20000000                        _sdata = .
 *(.data)
 *(.data*)
 .data.UNIPOLAR_WD_PATTERN
                0x20000000       0x10 ./Core/Src/STEPPER.o
 .data.UNIPOLAR_FS_PATTERN
                0x20000010       0x10 ./Core/Src/STEPPER.o
 .data.UNIPOLAR_HS_PATTERN
                0x20000020       0x20 ./Core/Src/STEPPER.o
 .data.SystemCoreClock
                0x20000040        0x4 ./Core/Src/system_stm32f4xx.o
                0x20000040                SystemCoreClock
 .data.uwTickPrio
                0x20000044        0x4 ./Drivers/STM32F4xx_HAL_Driver/Src/stm32f4xx_hal.o
                0x20000044                uwTickPrio
 .data.uwTickFreq
                0x20000048        0x1 ./Drivers/STM32F4xx_HAL_Driver/Src/stm32f4xx_hal.o
                0x20000048                uwTickFreq
 *(.RamFunc)
 *(.RamFunc*)
                0x2000004c                        . = ALIGN (0x4)
 *fill*         0x20000049        0x3 
                0x2000004c                        _edata = .

.igot.plt       0x2000004c        0x0 load address 0x08005c78
 .igot.plt      0x2000004c        0x0 C:/ST/STM32CubeIDE_1.19.0/STM32CubeIDE/plugins/com.st.stm32cube.ide.mcu.externaltools.gnu-tools-for-stm32.13.3.rel1.win32_1.0.0.202411081344/tools/bin/../lib/gcc/arm-none-eabi/13.3.1/thumb/v7e-m+fp/hard/crtbegin.o
                0x2000004c                        . = ALIGN (0x4)

.bss            0x2000004c      0x1c0 load address 0x08005c78
                0x2000004c                        _sbss = .
                0x2000004c                        __bss_start__ = _sbss
 *(.bss)
 .bss           0x2000004c       0x1c C:/ST/STM32CubeIDE_1.19.0/STM32CubeIDE/plugins/com.st.stm32cube.ide.mcu.externaltools.gnu-tools-for-stm32.13.3.rel1.win32_1.0.0.202411081344/tools/bin/../lib/gcc/arm-none-eabi/13.3.1/thumb/v7e-m+fp/hard/crtbegin.o
 *(.bss*)
 .bss.gs_STEPPER_info
                0x20000068       0x14 ./Core/Src/STEPPER.o
 .bss.htim1     0x2000007c       0x48 ./Core/Src/main.o
                0x2000007c                htim1
 .bss.htim2     0x200000c4       0x48 ./Core/Src/main.o
                0x200000c4                htim2
 .bss.htim3     0x2000010c       0x48 ./Core/Src/main.o
                0x2000010c                htim3
 .bss.huart2    0x20000154       0x48 ./Core/Src/main.o
                0x20000154                huart2
 .bss.huart6    0x2000019c       0x48 ./Core/Src/main.o
                0x2000019c                huart6
 .bss.S_RxData  0x200001e4        0x1 ./Core/Src/main.o
                0x200001e4                S_RxData
 *fill*         0x200001e5        0x3 
 .bss.S_TxData  0x200001e8        0x7 ./Core/Src/main.o
                0x200001e8                S_TxData
 .bss.S_command_H
                0x200001ef        0x1 ./Core/Src/main.o
                0x200001ef                S_command_H
 .bss.S_command_L
                0x200001f0        0x1 ./Core/Src/main.o
                0x200001f0                S_command_L
 .bss.S_data_H  0x200001f1        0x1 ./Core/Src/main.o
                0x200001f1                S_data_H
 .bss.S_data_L  0x200001f2        0x1 ./Core/Src/main.o
                0x200001f2                S_data_L
 .bss.S_counter
                0x200001f3        0x1 ./Core/Src/main.o
                0x200001f3                S_counter
 .bss.S_is_start_byte
                0x200001f4        0x1 ./Core/Src/main.o
                0x200001f4                S_is_start_byte
 .bss.S_is_adress_me
                0x200001f5        0x1 ./Core/Src/main.o
                0x200001f5                S_is_adress_me
 .bss.S_is_error
                0x200001f6        0x1 ./Core/Src/main.o
                0x200001f6                S_is_error
 .bss.S_checksum
                0x200001f7        0x1 ./Core/Src/main.o
                0x200001f7                S_checksum
 .bss.S_step_rpm_speed
                0x200001f8        0x1 ./Core/Src/main.o
                0x200001f8                S_step_rpm_speed
 *fill*         0x200001f9        0x1 
 .bss.S_step_remaining_steps
                0x200001fa        0x2 ./Core/Src/main.o
                0x200001fa                S_step_remaining_steps
 .bss.S_Step_direction
                0x200001fc        0x1 ./Core/Src/main.o
                0x200001fc                S_Step_direction
 .bss.S_Servo1_angle
                0x200001fd        0x1 ./Core/Src/main.o
                0x200001fd                S_Servo1_angle
 .bss.S_Servo1_angle_value
                0x200001fe        0x2 ./Core/Src/main.o
                0x200001fe                S_Servo1_angle_value
 .bss.S_Servo2_angle
                0x20000200        0x1 ./Core/Src/main.o
                0x20000200                S_Servo2_angle
 *fill*         0x20000201        0x1 
 .bss.S_Servo2_angle_value
                0x20000202        0x2 ./Core/Src/main.o
                0x20000202                S_Servo2_angle_value
 .bss.val       0x20000204        0x1 ./Core/Src/main.o
                0x20000204                val
 *fill*         0x20000205        0x3 
 .bss.uwTick    0x20000208        0x4 ./Drivers/STM32F4xx_HAL_Driver/Src/stm32f4xx_hal.o
                0x20000208                uwTick
 *(COMMON)
                0x2000020c                        . = ALIGN (0x4)
                0x2000020c                        _ebss = .
                0x2000020c                        __bss_end__ = _ebss

._user_heap_stack
                0x2000020c      0x604 load address 0x08005c78
                0x20000210                        . = ALIGN (0x8)
 *fill*         0x2000020c        0x4 
                [!provide]                        PROVIDE (end = .)
                0x20000210                        PROVIDE (_end = .)
                0x20000410                        . = (. + _Min_Heap_Size)
 *fill*         0x20000210      0x200 
                0x20000810                        . = (. + _Min_Stack_Size)
 *fill*         0x20000410      0x400 
                0x20000810                        . = ALIGN (0x8)

/DISCARD/
 libc.a(*)
 libm.a(*)
 libgcc.a(*)

.ARM.attributes
                0x00000000       0x30
 *(.ARM.attributes)
 .ARM.attributes
                0x00000000       0x22 C:/ST/STM32CubeIDE_1.19.0/STM32CubeIDE/plugins/com.st.stm32cube.ide.mcu.externaltools.gnu-tools-for-stm32.13.3.rel1.win32_1.0.0.202411081344/tools/bin/../lib/gcc/arm-none-eabi/13.3.1/thumb/v7e-m+fp/hard/crti.o
 .ARM.attributes
                0x00000022       0x34 C:/ST/STM32CubeIDE_1.19.0/STM32CubeIDE/plugins/com.st.stm32cube.ide.mcu.externaltools.gnu-tools-for-stm32.13.3.rel1.win32_1.0.0.202411081344/tools/bin/../lib/gcc/arm-none-eabi/13.3.1/thumb/v7e-m+fp/hard/crtbegin.o
 .ARM.attributes
                0x00000056       0x34 ./Core/Src/DWT_Delay.o
 .ARM.attributes
                0x0000008a       0x34 ./Core/Src/STEPPER.o
 .ARM.attributes
                0x000000be       0x34 ./Core/Src/STEPPER_cfg.o
 .ARM.attributes
                0x000000f2       0x34 ./Core/Src/main.o
 .ARM.attributes
                0x00000126       0x34 ./Core/Src/stm32f4xx_hal_msp.o
 .ARM.attributes
                0x0000015a       0x34 ./Core/Src/stm32f4xx_it.o
 .ARM.attributes
                0x0000018e       0x34 ./Core/Src/system_stm32f4xx.o
 .ARM.attributes
                0x000001c2       0x21 ./Core/Startup/startup_stm32f411retx.o
 .ARM.attributes
                0x000001e3       0x34 ./Drivers/STM32F4xx_HAL_Driver/Src/stm32f4xx_hal.o
 .ARM.attributes
                0x00000217       0x34 ./Drivers/STM32F4xx_HAL_Driver/Src/stm32f4xx_hal_cortex.o
 .ARM.attributes
                0x0000024b       0x34 ./Drivers/STM32F4xx_HAL_Driver/Src/stm32f4xx_hal_dma.o
 .ARM.attributes
                0x0000027f       0x34 ./Drivers/STM32F4xx_HAL_Driver/Src/stm32f4xx_hal_gpio.o
 .ARM.attributes
                0x000002b3       0x34 ./Drivers/STM32F4xx_HAL_Driver/Src/stm32f4xx_hal_rcc.o
 .ARM.attributes
                0x000002e7       0x34 ./Drivers/STM32F4xx_HAL_Driver/Src/stm32f4xx_hal_tim.o
 .ARM.attributes
                0x0000031b       0x34 ./Drivers/STM32F4xx_HAL_Driver/Src/stm32f4xx_hal_tim_ex.o
 .ARM.attributes
                0x0000034f       0x34 ./Drivers/STM32F4xx_HAL_Driver/Src/stm32f4xx_hal_uart.o
 .ARM.attributes
                0x00000383       0x34 C:/ST/STM32CubeIDE_1.19.0/STM32CubeIDE/plugins/com.st.stm32cube.ide.mcu.externaltools.gnu-tools-for-stm32.13.3.rel1.win32_1.0.0.202411081344/tools/bin/../lib/gcc/arm-none-eabi/13.3.1/../../../../arm-none-eabi/lib/thumb/v7e-m+fp/hard\libc_nano.a(libc_a-memset.o)
 .ARM.attributes
                0x000003b7       0x34 C:/ST/STM32CubeIDE_1.19.0/STM32CubeIDE/plugins/com.st.stm32cube.ide.mcu.externaltools.gnu-tools-for-stm32.13.3.rel1.win32_1.0.0.202411081344/tools/bin/../lib/gcc/arm-none-eabi/13.3.1/../../../../arm-none-eabi/lib/thumb/v7e-m+fp/hard\libc_nano.a(libc_a-init.o)
 .ARM.attributes
                0x000003eb       0x22 C:/ST/STM32CubeIDE_1.19.0/STM32CubeIDE/plugins/com.st.stm32cube.ide.mcu.externaltools.gnu-tools-for-stm32.13.3.rel1.win32_1.0.0.202411081344/tools/bin/../lib/gcc/arm-none-eabi/13.3.1/thumb/v7e-m+fp/hard\libgcc.a(_arm_addsubdf3.o)
 .ARM.attributes
                0x0000040d       0x22 C:/ST/STM32CubeIDE_1.19.0/STM32CubeIDE/plugins/com.st.stm32cube.ide.mcu.externaltools.gnu-tools-for-stm32.13.3.rel1.win32_1.0.0.202411081344/tools/bin/../lib/gcc/arm-none-eabi/13.3.1/thumb/v7e-m+fp/hard\libgcc.a(_arm_muldivdf3.o)
 .ARM.attributes
                0x0000042f       0x22 C:/ST/STM32CubeIDE_1.19.0/STM32CubeIDE/plugins/com.st.stm32cube.ide.mcu.externaltools.gnu-tools-for-stm32.13.3.rel1.win32_1.0.0.202411081344/tools/bin/../lib/gcc/arm-none-eabi/13.3.1/thumb/v7e-m+fp/hard\libgcc.a(_arm_fixdfsi.o)
 .ARM.attributes
                0x00000451       0x22 C:/ST/STM32CubeIDE_1.19.0/STM32CubeIDE/plugins/com.st.stm32cube.ide.mcu.externaltools.gnu-tools-for-stm32.13.3.rel1.win32_1.0.0.202411081344/tools/bin/../lib/gcc/arm-none-eabi/13.3.1/thumb/v7e-m+fp/hard\libgcc.a(_arm_fixunsdfsi.o)
 .ARM.attributes
                0x00000473       0x22 C:/ST/STM32CubeIDE_1.19.0/STM32CubeIDE/plugins/com.st.stm32cube.ide.mcu.externaltools.gnu-tools-for-stm32.13.3.rel1.win32_1.0.0.202411081344/tools/bin/../lib/gcc/arm-none-eabi/13.3.1/thumb/v7e-m+fp/hard\libgcc.a(_aeabi_uldivmod.o)
 .ARM.attributes
                0x00000495       0x34 C:/ST/STM32CubeIDE_1.19.0/STM32CubeIDE/plugins/com.st.stm32cube.ide.mcu.externaltools.gnu-tools-for-stm32.13.3.rel1.win32_1.0.0.202411081344/tools/bin/../lib/gcc/arm-none-eabi/13.3.1/thumb/v7e-m+fp/hard\libgcc.a(_udivmoddi4.o)
 .ARM.attributes
                0x000004c9       0x22 C:/ST/STM32CubeIDE_1.19.0/STM32CubeIDE/plugins/com.st.stm32cube.ide.mcu.externaltools.gnu-tools-for-stm32.13.3.rel1.win32_1.0.0.202411081344/tools/bin/../lib/gcc/arm-none-eabi/13.3.1/thumb/v7e-m+fp/hard\libgcc.a(_dvmd_tls.o)
 .ARM.attributes
                0x000004eb       0x22 C:/ST/STM32CubeIDE_1.19.0/STM32CubeIDE/plugins/com.st.stm32cube.ide.mcu.externaltools.gnu-tools-for-stm32.13.3.rel1.win32_1.0.0.202411081344/tools/bin/../lib/gcc/arm-none-eabi/13.3.1/thumb/v7e-m+fp/hard/crtn.o
OUTPUT(uart_slave.elf elf32-littlearm)
LOAD linker stubs
LOAD C:/ST/STM32CubeIDE_1.19.0/STM32CubeIDE/plugins/com.st.stm32cube.ide.mcu.externaltools.gnu-tools-for-stm32.13.3.rel1.win32_1.0.0.202411081344/tools/bin/../lib/gcc/arm-none-eabi/13.3.1/../../../../arm-none-eabi/lib/thumb/v7e-m+fp/hard\libc.a
LOAD C:/ST/STM32CubeIDE_1.19.0/STM32CubeIDE/plugins/com.st.stm32cube.ide.mcu.externaltools.gnu-tools-for-stm32.13.3.rel1.win32_1.0.0.202411081344/tools/bin/../lib/gcc/arm-none-eabi/13.3.1/../../../../arm-none-eabi/lib/thumb/v7e-m+fp/hard\libm.a
LOAD C:/ST/STM32CubeIDE_1.19.0/STM32CubeIDE/plugins/com.st.stm32cube.ide.mcu.externaltools.gnu-tools-for-stm32.13.3.rel1.win32_1.0.0.202411081344/tools/bin/../lib/gcc/arm-none-eabi/13.3.1/thumb/v7e-m+fp/hard\libgcc.a

.debug_info     0x00000000     0xe900
 .debug_info    0x00000000      0x22c ./Core/Src/DWT_Delay.o
 .debug_info    0x0000022c     0x1101 ./Core/Src/STEPPER.o
 .debug_info    0x0000132d      0x1f5 ./Core/Src/STEPPER_cfg.o
 .debug_info    0x00001522     0x18de ./Core/Src/main.o
 .debug_info    0x00002e00      0xfab ./Core/Src/stm32f4xx_hal_msp.o
 .debug_info    0x00003dab      0x984 ./Core/Src/stm32f4xx_it.o
 .debug_info    0x0000472f      0x53e ./Core/Src/system_stm32f4xx.o
 .debug_info    0x00004c6d       0x30 ./Core/Startup/startup_stm32f411retx.o
 .debug_info    0x00004c9d      0x8c4 ./Drivers/STM32F4xx_HAL_Driver/Src/stm32f4xx_hal.o
 .debug_info    0x00005561      0xcfc ./Drivers/STM32F4xx_HAL_Driver/Src/stm32f4xx_hal_cortex.o
 .debug_info    0x0000625d      0x8e6 ./Drivers/STM32F4xx_HAL_Driver/Src/stm32f4xx_hal_dma.o
 .debug_info    0x00006b43      0x6f9 ./Drivers/STM32F4xx_HAL_Driver/Src/stm32f4xx_hal_gpio.o
 .debug_info    0x0000723c      0x904 ./Drivers/STM32F4xx_HAL_Driver/Src/stm32f4xx_hal_rcc.o
 .debug_info    0x00007b40     0x2996 ./Drivers/STM32F4xx_HAL_Driver/Src/stm32f4xx_hal_tim.o
 .debug_info    0x0000a4d6     0x14d4 ./Drivers/STM32F4xx_HAL_Driver/Src/stm32f4xx_hal_tim_ex.o
 .debug_info    0x0000b9aa     0x2f56 ./Drivers/STM32F4xx_HAL_Driver/Src/stm32f4xx_hal_uart.o

.debug_abbrev   0x00000000     0x208e
 .debug_abbrev  0x00000000       0xab ./Core/Src/DWT_Delay.o
 .debug_abbrev  0x000000ab      0x296 ./Core/Src/STEPPER.o
 .debug_abbrev  0x00000341       0xd9 ./Core/Src/STEPPER_cfg.o
 .debug_abbrev  0x0000041a      0x31c ./Core/Src/main.o
 .debug_abbrev  0x00000736      0x21d ./Core/Src/stm32f4xx_hal_msp.o
 .debug_abbrev  0x00000953      0x1af ./Core/Src/stm32f4xx_it.o
 .debug_abbrev  0x00000b02      0x11a ./Core/Src/system_stm32f4xx.o
 .debug_abbrev  0x00000c1c       0x24 ./Core/Startup/startup_stm32f411retx.o
 .debug_abbrev  0x00000c40      0x24b ./Drivers/STM32F4xx_HAL_Driver/Src/stm32f4xx_hal.o
 .debug_abbrev  0x00000e8b      0x31d ./Drivers/STM32F4xx_HAL_Driver/Src/stm32f4xx_hal_cortex.o
 .debug_abbrev  0x000011a8      0x221 ./Drivers/STM32F4xx_HAL_Driver/Src/stm32f4xx_hal_dma.o
 .debug_abbrev  0x000013c9      0x1d3 ./Drivers/STM32F4xx_HAL_Driver/Src/stm32f4xx_hal_gpio.o
 .debug_abbrev  0x0000159c      0x2b6 ./Drivers/STM32F4xx_HAL_Driver/Src/stm32f4xx_hal_rcc.o
 .debug_abbrev  0x00001852      0x28b ./Drivers/STM32F4xx_HAL_Driver/Src/stm32f4xx_hal_tim.o
 .debug_abbrev  0x00001add      0x296 ./Drivers/STM32F4xx_HAL_Driver/Src/stm32f4xx_hal_tim_ex.o
 .debug_abbrev  0x00001d73      0x31b ./Drivers/STM32F4xx_HAL_Driver/Src/stm32f4xx_hal_uart.o

.debug_aranges  0x00000000      0xd58
 .debug_aranges
                0x00000000       0x20 ./Core/Src/DWT_Delay.o
 .debug_aranges
                0x00000020       0x80 ./Core/Src/STEPPER.o
 .debug_aranges
                0x000000a0       0x18 ./Core/Src/STEPPER_cfg.o
 .debug_aranges
                0x000000b8       0xc8 ./Core/Src/main.o
 .debug_aranges
                0x00000180       0x48 ./Core/Src/stm32f4xx_hal_msp.o
 .debug_aranges
                0x000001c8       0x70 ./Core/Src/stm32f4xx_it.o
 .debug_aranges
                0x00000238       0x28 ./Core/Src/system_stm32f4xx.o
 .debug_aranges
                0x00000260       0x28 ./Core/Startup/startup_stm32f411retx.o
 .debug_aranges
                0x00000288       0xf0 ./Drivers/STM32F4xx_HAL_Driver/Src/stm32f4xx_hal.o
 .debug_aranges
                0x00000378      0x130 ./Drivers/STM32F4xx_HAL_Driver/Src/stm32f4xx_hal_cortex.o
 .debug_aranges
                0x000004a8       0x90 ./Drivers/STM32F4xx_HAL_Driver/Src/stm32f4xx_hal_dma.o
 .debug_aranges
                0x00000538       0x58 ./Drivers/STM32F4xx_HAL_Driver/Src/stm32f4xx_hal_gpio.o
 .debug_aranges
                0x00000590       0x88 ./Drivers/STM32F4xx_HAL_Driver/Src/stm32f4xx_hal_rcc.o
 .debug_aranges
                0x00000618      0x3d0 ./Drivers/STM32F4xx_HAL_Driver/Src/stm32f4xx_hal_tim.o
 .debug_aranges
                0x000009e8      0x168 ./Drivers/STM32F4xx_HAL_Driver/Src/stm32f4xx_hal_tim_ex.o
 .debug_aranges
                0x00000b50      0x208 ./Drivers/STM32F4xx_HAL_Driver/Src/stm32f4xx_hal_uart.o

.debug_rnglists
                0x00000000      0xa62
 .debug_rnglists
                0x00000000       0x13 ./Core/Src/DWT_Delay.o
 .debug_rnglists
                0x00000013       0x62 ./Core/Src/STEPPER.o
 .debug_rnglists
                0x00000075       0x98 ./Core/Src/main.o
 .debug_rnglists
                0x0000010d       0x34 ./Core/Src/stm32f4xx_hal_msp.o
 .debug_rnglists
                0x00000141       0x4f ./Core/Src/stm32f4xx_it.o
 .debug_rnglists
                0x00000190       0x1a ./Core/Src/system_stm32f4xx.o
 .debug_rnglists
                0x000001aa       0x19 ./Core/Startup/startup_stm32f411retx.o
 .debug_rnglists
                0x000001c3       0xaf ./Drivers/STM32F4xx_HAL_Driver/Src/stm32f4xx_hal.o
 .debug_rnglists
                0x00000272       0xe0 ./Drivers/STM32F4xx_HAL_Driver/Src/stm32f4xx_hal_cortex.o
 .debug_rnglists
                0x00000352       0x70 ./Drivers/STM32F4xx_HAL_Driver/Src/stm32f4xx_hal_dma.o
 .debug_rnglists
                0x000003c2       0x3f ./Drivers/STM32F4xx_HAL_Driver/Src/stm32f4xx_hal_gpio.o
 .debug_rnglists
                0x00000401       0x66 ./Drivers/STM32F4xx_HAL_Driver/Src/stm32f4xx_hal_rcc.o
 .debug_rnglists
                0x00000467      0x31a ./Drivers/STM32F4xx_HAL_Driver/Src/stm32f4xx_hal_tim.o
 .debug_rnglists
                0x00000781      0x125 ./Drivers/STM32F4xx_HAL_Driver/Src/stm32f4xx_hal_tim_ex.o
 .debug_rnglists
                0x000008a6      0x1bc ./Drivers/STM32F4xx_HAL_Driver/Src/stm32f4xx_hal_uart.o

.debug_macro    0x00000000    0x16940
 .debug_macro   0x00000000      0x1d8 ./Core/Src/DWT_Delay.o
 .debug_macro   0x000001d8      0xad8 ./Core/Src/DWT_Delay.o
 .debug_macro   0x00000cb0      0x29b ./Core/Src/DWT_Delay.o
 .debug_macro   0x00000f4b       0x2e ./Core/Src/DWT_Delay.o
 .debug_macro   0x00000f79       0x28 ./Core/Src/DWT_Delay.o
 .debug_macro   0x00000fa1       0x22 ./Core/Src/DWT_Delay.o
 .debug_macro   0x00000fc3       0x8e ./Core/Src/DWT_Delay.o
 .debug_macro   0x00001051       0x51 ./Core/Src/DWT_Delay.o
 .debug_macro   0x000010a2      0x103 ./Core/Src/DWT_Delay.o
 .debug_macro   0x000011a5       0x6a ./Core/Src/DWT_Delay.o
 .debug_macro   0x0000120f      0x1df ./Core/Src/DWT_Delay.o
 .debug_macro   0x000013ee       0x1c ./Core/Src/DWT_Delay.o
 .debug_macro   0x0000140a       0x22 ./Core/Src/DWT_Delay.o
 .debug_macro   0x0000142c       0xfb ./Core/Src/DWT_Delay.o
 .debug_macro   0x00001527     0x1011 ./Core/Src/DWT_Delay.o
 .debug_macro   0x00002538      0x11f ./Core/Src/DWT_Delay.o
 .debug_macro   0x00002657     0xb968 ./Core/Src/DWT_Delay.o
 .debug_macro   0x0000dfbf       0x6d ./Core/Src/DWT_Delay.o
 .debug_macro   0x0000e02c     0x3693 ./Core/Src/DWT_Delay.o
 .debug_macro   0x000116bf      0x190 ./Core/Src/DWT_Delay.o
 .debug_macro   0x0001184f       0x5c ./Core/Src/DWT_Delay.o
 .debug_macro   0x000118ab      0x45c ./Core/Src/DWT_Delay.o
 .debug_macro   0x00011d07      0x9e9 ./Core/Src/DWT_Delay.o
 .debug_macro   0x000126f0      0x115 ./Core/Src/DWT_Delay.o
 .debug_macro   0x00012805      0x11b ./Core/Src/DWT_Delay.o
 .debug_macro   0x00012920       0xa5 ./Core/Src/DWT_Delay.o
 .debug_macro   0x000129c5      0x15f ./Core/Src/DWT_Delay.o
 .debug_macro   0x00012b24      0x287 ./Core/Src/DWT_Delay.o
 .debug_macro   0x00012dab       0x5f ./Core/Src/DWT_Delay.o
 .debug_macro   0x00012e0a      0x236 ./Core/Src/DWT_Delay.o
 .debug_macro   0x00013040      0x132 ./Core/Src/DWT_Delay.o
 .debug_macro   0x00013172      0x264 ./Core/Src/DWT_Delay.o
 .debug_macro   0x000133d6       0x2e ./Core/Src/DWT_Delay.o
 .debug_macro   0x00013404      0x127 ./Core/Src/DWT_Delay.o
 .debug_macro   0x0001352b       0x85 ./Core/Src/DWT_Delay.o
 .debug_macro   0x000135b0       0x89 ./Core/Src/DWT_Delay.o
 .debug_macro   0x00013639      0x8ed ./Core/Src/DWT_Delay.o
 .debug_macro   0x00013f26       0x47 ./Core/Src/DWT_Delay.o
 .debug_macro   0x00013f6d      0x2aa ./Core/Src/DWT_Delay.o
 .debug_macro   0x00014217      0x126 ./Core/Src/DWT_Delay.o
 .debug_macro   0x0001433d      0x1ef ./Core/Src/STEPPER.o
 .debug_macro   0x0001452c       0x52 ./Core/Src/STEPPER.o
 .debug_macro   0x0001457e      0x1dd ./Core/Src/STEPPER_cfg.o
 .debug_macro   0x0001475b       0x4c ./Core/Src/STEPPER_cfg.o
 .debug_macro   0x000147a7      0x306 ./Core/Src/main.o
 .debug_macro   0x00014aad       0x58 ./Core/Src/main.o
 .debug_macro   0x00014b05       0x61 ./Core/Src/main.o
 .debug_macro   0x00014b66       0x2a ./Core/Src/main.o
 .debug_macro   0x00014b90       0x43 ./Core/Src/main.o
 .debug_macro   0x00014bd3       0x34 ./Core/Src/main.o
 .debug_macro   0x00014c07       0x16 ./Core/Src/main.o
 .debug_macro   0x00014c1d       0x3c ./Core/Src/main.o
 .debug_macro   0x00014c59      0x370 ./Core/Src/main.o
 .debug_macro   0x00014fc9       0x10 ./Core/Src/main.o
 .debug_macro   0x00014fd9       0x16 ./Core/Src/main.o
 .debug_macro   0x00014fef       0x4a ./Core/Src/main.o
 .debug_macro   0x00015039       0x34 ./Core/Src/main.o
 .debug_macro   0x0001506d       0x10 ./Core/Src/main.o
 .debug_macro   0x0001507d       0x58 ./Core/Src/main.o
 .debug_macro   0x000150d5       0x8e ./Core/Src/main.o
 .debug_macro   0x00015163       0x1c ./Core/Src/main.o
 .debug_macro   0x0001517f      0x185 ./Core/Src/main.o
 .debug_macro   0x00015304       0x16 ./Core/Src/main.o
 .debug_macro   0x0001531a       0x16 ./Core/Src/main.o
 .debug_macro   0x00015330      0x146 ./Core/Src/main.o
 .debug_macro   0x00015476       0x16 ./Core/Src/main.o
 .debug_macro   0x0001548c       0x20 ./Core/Src/main.o
 .debug_macro   0x000154ac      0x1dd ./Core/Src/stm32f4xx_hal_msp.o
 .debug_macro   0x00015689      0x1e7 ./Core/Src/stm32f4xx_it.o
 .debug_macro   0x00015870      0x1ce ./Core/Src/system_stm32f4xx.o
 .debug_macro   0x00015a3e      0x22e ./Drivers/STM32F4xx_HAL_Driver/Src/stm32f4xx_hal.o
 .debug_macro   0x00015c6c      0x1ce ./Drivers/STM32F4xx_HAL_Driver/Src/stm32f4xx_hal_cortex.o
 .debug_macro   0x00015e3a      0x1d4 ./Drivers/STM32F4xx_HAL_Driver/Src/stm32f4xx_hal_dma.o
 .debug_macro   0x0001600e      0x1d4 ./Drivers/STM32F4xx_HAL_Driver/Src/stm32f4xx_hal_gpio.o
 .debug_macro   0x000161e2      0x1f2 ./Drivers/STM32F4xx_HAL_Driver/Src/stm32f4xx_hal_rcc.o
 .debug_macro   0x000163d4      0x1cf ./Drivers/STM32F4xx_HAL_Driver/Src/stm32f4xx_hal_tim.o
 .debug_macro   0x000165a3      0x1ce ./Drivers/STM32F4xx_HAL_Driver/Src/stm32f4xx_hal_tim_ex.o
 .debug_macro   0x00016771      0x1cf ./Drivers/STM32F4xx_HAL_Driver/Src/stm32f4xx_hal_uart.o

.debug_line     0x00000000     0xf717
 .debug_line    0x00000000      0x76e ./Core/Src/DWT_Delay.o
 .debug_line    0x0000076e      0xbf8 ./Core/Src/STEPPER.o
 .debug_line    0x00001366      0x72b ./Core/Src/STEPPER_cfg.o
 .debug_line    0x00001a91      0xeee ./Core/Src/main.o
 .debug_line    0x0000297f      0x894 ./Core/Src/stm32f4xx_hal_msp.o
 .debug_line    0x00003213      0x825 ./Core/Src/stm32f4xx_it.o
 .debug_line    0x00003a38      0x7bc ./Core/Src/system_stm32f4xx.o
 .debug_line    0x000041f4       0x7a ./Core/Startup/startup_stm32f411retx.o
 .debug_line    0x0000426e      0xa38 ./Drivers/STM32F4xx_HAL_Driver/Src/stm32f4xx_hal.o
 .debug_line    0x00004ca6      0xd08 ./Drivers/STM32F4xx_HAL_Driver/Src/stm32f4xx_hal_cortex.o
 .debug_line    0x000059ae      0xfa4 ./Drivers/STM32F4xx_HAL_Driver/Src/stm32f4xx_hal_dma.o
 .debug_line    0x00006952      0xb54 ./Drivers/STM32F4xx_HAL_Driver/Src/stm32f4xx_hal_gpio.o
 .debug_line    0x000074a6      0xe47 ./Drivers/STM32F4xx_HAL_Driver/Src/stm32f4xx_hal_rcc.o
 .debug_line    0x000082ed     0x3577 ./Drivers/STM32F4xx_HAL_Driver/Src/stm32f4xx_hal_tim.o
 .debug_line    0x0000b864     0x1933 ./Drivers/STM32F4xx_HAL_Driver/Src/stm32f4xx_hal_tim_ex.o
 .debug_line    0x0000d197     0x2580 ./Drivers/STM32F4xx_HAL_Driver/Src/stm32f4xx_hal_uart.o

.debug_str      0x00000000    0x8e7d1
 .debug_str     0x00000000    0x8e7d1 ./Core/Src/DWT_Delay.o
                              0x870f6 (size before relaxing)
 .debug_str     0x0008e7d1    0x87c8f ./Core/Src/STEPPER.o
 .debug_str     0x0008e7d1    0x87182 ./Core/Src/STEPPER_cfg.o
 .debug_str     0x0008e7d1    0x8bb70 ./Core/Src/main.o
 .debug_str     0x0008e7d1    0x87e91 ./Core/Src/stm32f4xx_hal_msp.o
 .debug_str     0x0008e7d1    0x87977 ./Core/Src/stm32f4xx_it.o
 .debug_str     0x0008e7d1    0x871df ./Core/Src/system_stm32f4xx.o
 .debug_str     0x0008e7d1       0x81 ./Core/Startup/startup_stm32f411retx.o
 .debug_str     0x0008e7d1    0x87c0b ./Drivers/STM32F4xx_HAL_Driver/Src/stm32f4xx_hal.o
 .debug_str     0x0008e7d1    0x87975 ./Drivers/STM32F4xx_HAL_Driver/Src/stm32f4xx_hal_cortex.o
 .debug_str     0x0008e7d1    0x875e7 ./Drivers/STM32F4xx_HAL_Driver/Src/stm32f4xx_hal_dma.o
 .debug_str     0x0008e7d1    0x8735a ./Drivers/STM32F4xx_HAL_Driver/Src/stm32f4xx_hal_gpio.o
 .debug_str     0x0008e7d1    0x87613 ./Drivers/STM32F4xx_HAL_Driver/Src/stm32f4xx_hal_rcc.o
 .debug_str     0x0008e7d1    0x88557 ./Drivers/STM32F4xx_HAL_Driver/Src/stm32f4xx_hal_tim.o
 .debug_str     0x0008e7d1    0x87d63 ./Drivers/STM32F4xx_HAL_Driver/Src/stm32f4xx_hal_tim_ex.o
 .debug_str     0x0008e7d1    0x87be2 ./Drivers/STM32F4xx_HAL_Driver/Src/stm32f4xx_hal_uart.o

.comment        0x00000000       0x43
 .comment       0x00000000       0x43 ./Core/Src/DWT_Delay.o
                                 0x44 (size before relaxing)
 .comment       0x00000043       0x44 ./Core/Src/STEPPER.o
 .comment       0x00000043       0x44 ./Core/Src/STEPPER_cfg.o
 .comment       0x00000043       0x44 ./Core/Src/main.o
 .comment       0x00000043       0x44 ./Core/Src/stm32f4xx_hal_msp.o
 .comment       0x00000043       0x44 ./Core/Src/stm32f4xx_it.o
 .comment       0x00000043       0x44 ./Core/Src/system_stm32f4xx.o
 .comment       0x00000043       0x44 ./Drivers/STM32F4xx_HAL_Driver/Src/stm32f4xx_hal.o
 .comment       0x00000043       0x44 ./Drivers/STM32F4xx_HAL_Driver/Src/stm32f4xx_hal_cortex.o
 .comment       0x00000043       0x44 ./Drivers/STM32F4xx_HAL_Driver/Src/stm32f4xx_hal_dma.o
 .comment       0x00000043       0x44 ./Drivers/STM32F4xx_HAL_Driver/Src/stm32f4xx_hal_gpio.o
 .comment       0x00000043       0x44 ./Drivers/STM32F4xx_HAL_Driver/Src/stm32f4xx_hal_rcc.o
 .comment       0x00000043       0x44 ./Drivers/STM32F4xx_HAL_Driver/Src/stm32f4xx_hal_tim.o
 .comment       0x00000043       0x44 ./Drivers/STM32F4xx_HAL_Driver/Src/stm32f4xx_hal_tim_ex.o
 .comment       0x00000043       0x44 ./Drivers/STM32F4xx_HAL_Driver/Src/stm32f4xx_hal_uart.o

.debug_frame    0x00000000     0x3908
 .debug_frame   0x00000000       0x30 ./Core/Src/DWT_Delay.o
 .debug_frame   0x00000030      0x204 ./Core/Src/STEPPER.o
 .debug_frame   0x00000234      0x318 ./Core/Src/main.o
 .debug_frame   0x0000054c       0xe8 ./Core/Src/stm32f4xx_hal_msp.o
 .debug_frame   0x00000634      0x13c ./Core/Src/stm32f4xx_it.o
 .debug_frame   0x00000770       0x58 ./Core/Src/system_stm32f4xx.o
 .debug_frame   0x000007c8      0x374 ./Drivers/STM32F4xx_HAL_Driver/Src/stm32f4xx_hal.o
 .debug_frame   0x00000b3c      0x508 ./Drivers/STM32F4xx_HAL_Driver/Src/stm32f4xx_hal_cortex.o
 .debug_frame   0x00001044      0x250 ./Drivers/STM32F4xx_HAL_Driver/Src/stm32f4xx_hal_dma.o
 .debug_frame   0x00001294      0x14c ./Drivers/STM32F4xx_HAL_Driver/Src/stm32f4xx_hal_gpio.o
 .debug_frame   0x000013e0      0x1f4 ./Drivers/STM32F4xx_HAL_Driver/Src/stm32f4xx_hal_rcc.o
 .debug_frame   0x000015d4     0x11b8 ./Drivers/STM32F4xx_HAL_Driver/Src/stm32f4xx_hal_tim.o
 .debug_frame   0x0000278c      0x638 ./Drivers/STM32F4xx_HAL_Driver/Src/stm32f4xx_hal_tim_ex.o
 .debug_frame   0x00002dc4      0x954 ./Drivers/STM32F4xx_HAL_Driver/Src/stm32f4xx_hal_uart.o
 .debug_frame   0x00003718       0x20 C:/ST/STM32CubeIDE_1.19.0/STM32CubeIDE/plugins/com.st.stm32cube.ide.mcu.externaltools.gnu-tools-for-stm32.13.3.rel1.win32_1.0.0.202411081344/tools/bin/../lib/gcc/arm-none-eabi/13.3.1/../../../../arm-none-eabi/lib/thumb/v7e-m+fp/hard\libc_nano.a(libc_a-memset.o)
 .debug_frame   0x00003738       0x2c C:/ST/STM32CubeIDE_1.19.0/STM32CubeIDE/plugins/com.st.stm32cube.ide.mcu.externaltools.gnu-tools-for-stm32.13.3.rel1.win32_1.0.0.202411081344/tools/bin/../lib/gcc/arm-none-eabi/13.3.1/../../../../arm-none-eabi/lib/thumb/v7e-m+fp/hard\libc_nano.a(libc_a-init.o)
 .debug_frame   0x00003764       0xac C:/ST/STM32CubeIDE_1.19.0/STM32CubeIDE/plugins/com.st.stm32cube.ide.mcu.externaltools.gnu-tools-for-stm32.13.3.rel1.win32_1.0.0.202411081344/tools/bin/../lib/gcc/arm-none-eabi/13.3.1/thumb/v7e-m+fp/hard\libgcc.a(_arm_addsubdf3.o)
 .debug_frame   0x00003810       0x50 C:/ST/STM32CubeIDE_1.19.0/STM32CubeIDE/plugins/com.st.stm32cube.ide.mcu.externaltools.gnu-tools-for-stm32.13.3.rel1.win32_1.0.0.202411081344/tools/bin/../lib/gcc/arm-none-eabi/13.3.1/thumb/v7e-m+fp/hard\libgcc.a(_arm_muldivdf3.o)
 .debug_frame   0x00003860       0x24 C:/ST/STM32CubeIDE_1.19.0/STM32CubeIDE/plugins/com.st.stm32cube.ide.mcu.externaltools.gnu-tools-for-stm32.13.3.rel1.win32_1.0.0.202411081344/tools/bin/../lib/gcc/arm-none-eabi/13.3.1/thumb/v7e-m+fp/hard\libgcc.a(_arm_fixdfsi.o)
 .debug_frame   0x00003884       0x24 C:/ST/STM32CubeIDE_1.19.0/STM32CubeIDE/plugins/com.st.stm32cube.ide.mcu.externaltools.gnu-tools-for-stm32.13.3.rel1.win32_1.0.0.202411081344/tools/bin/../lib/gcc/arm-none-eabi/13.3.1/thumb/v7e-m+fp/hard\libgcc.a(_arm_fixunsdfsi.o)
 .debug_frame   0x000038a8       0x2c C:/ST/STM32CubeIDE_1.19.0/STM32CubeIDE/plugins/com.st.stm32cube.ide.mcu.externaltools.gnu-tools-for-stm32.13.3.rel1.win32_1.0.0.202411081344/tools/bin/../lib/gcc/arm-none-eabi/13.3.1/thumb/v7e-m+fp/hard\libgcc.a(_aeabi_uldivmod.o)
 .debug_frame   0x000038d4       0x34 C:/ST/STM32CubeIDE_1.19.0/STM32CubeIDE/plugins/com.st.stm32cube.ide.mcu.externaltools.gnu-tools-for-stm32.13.3.rel1.win32_1.0.0.202411081344/tools/bin/../lib/gcc/arm-none-eabi/13.3.1/thumb/v7e-m+fp/hard\libgcc.a(_udivmoddi4.o)

.debug_line_str
                0x00000000       0x65
 .debug_line_str
                0x00000000       0x65 ./Core/Startup/startup_stm32f411retx.o
